  main.cpp
  MapChipField.cpp
  GameScene.cpp
C:\Users\k023g\OneDrive\デスクトップ\AL3_0719\DirectXGame\MapChipField.cpp(1,1): error C2220: 次の警告はエラーとして処理されます
C:\Users\k023g\OneDrive\デスクトップ\AL3_0719\DirectXGame\MapChipField.cpp(1,1): warning C4828: オフセット 0x1d9 から始まる、現在のソースの文字セット (コードページ 65001) では使用できない文字がファイルに含まれています。
C:\Users\k023g\OneDrive\デスクトップ\AL3_0719\DirectXGame\MapChipField.cpp(1,1): warning C4828: オフセット 0x1db から始まる、現在のソースの文字セット (コードページ 65001) では使用できない文字がファイルに含まれています。
C:\Users\k023g\OneDrive\デスクトップ\AL3_0719\DirectXGame\MapChipField.cpp(1,1): warning C4828: オフセット 0x1dd から始まる、現在のソースの文字セット (コードページ 65001) では使用できない文字がファイルに含まれています。
C:\Users\k023g\OneDrive\デスクトップ\AL3_0719\DirectXGame\MapChipField.cpp(1,1): warning C4828: オフセット 0x1df から始まる、現在のソースの文字セット (コードページ 65001) では使用できない文字がファイルに含まれています。
C:\Users\k023g\OneDrive\デスクトップ\AL3_0719\DirectXGame\MapChipField.cpp(1,1): warning C4828: オフセット 0x1e1 から始まる、現在のソースの文字セット (コードページ 65001) では使用できない文字がファイルに含まれています。
C:\Users\k023g\OneDrive\デスクトップ\AL3_0719\DirectXGame\MapChipField.cpp(1,1): warning C4828: オフセット 0x1e3 から始まる、現在のソースの文字セット (コードページ 65001) では使用できない文字がファイルに含まれています。
C:\Users\k023g\OneDrive\デスクトップ\AL3_0719\DirectXGame\MapChipField.cpp(1,1): warning C4828: オフセット 0x1e5 から始まる、現在のソースの文字セット (コードページ 65001) では使用できない文字がファイルに含まれています。
C:\Users\k023g\OneDrive\デスクトップ\AL3_0719\DirectXGame\MapChipField.cpp(1,1): warning C4828: オフセット 0x1e7 から始まる、現在のソースの文字セット (コードページ 65001) では使用できない文字がファイルに含まれています。
C:\Users\k023g\OneDrive\デスクトップ\AL3_0719\DirectXGame\MapChipField.cpp(1,1): warning C4828: オフセット 0x1e9 から始まる、現在のソースの文字セット (コードページ 65001) では使用できない文字がファイルに含まれています。
C:\Users\k023g\OneDrive\デスクトップ\AL3_0719\DirectXGame\MapChipField.cpp(1,1): warning C4828: オフセット 0x1eb から始まる、現在のソースの文字セット (コードページ 65001) では使用できない文字がファイルに含まれています。
C:\Users\k023g\OneDrive\デスクトップ\AL3_0719\DirectXGame\MapChipField.cpp(1,1): warning C4828: オフセット 0x1ec から始まる、現在のソースの文字セット (コードページ 65001) では使用できない文字がファイルに含まれています。
C:\Users\k023g\OneDrive\デスクトップ\AL3_0719\DirectXGame\MapChipField.cpp(1,1): warning C4828: オフセット 0x1f1 から始まる、現在のソースの文字セット (コードページ 65001) では使用できない文字がファイルに含まれています。
C:\Users\k023g\OneDrive\デスクトップ\AL3_0719\DirectXGame\MapChipField.cpp(1,1): warning C4828: オフセット 0x1f3 から始まる、現在のソースの文字セット (コードページ 65001) では使用できない文字がファイルに含まれています。
C:\Users\k023g\OneDrive\デスクトップ\AL3_0719\DirectXGame\MapChipField.cpp(1,1): warning C4828: オフセット 0x310 から始まる、現在のソースの文字セット (コードページ 65001) では使用できない文字がファイルに含まれています。
C:\Users\k023g\OneDrive\デスクトップ\AL3_0719\DirectXGame\MapChipField.cpp(1,1): warning C4828: オフセット 0x312 から始まる、現在のソースの文字セット (コードページ 65001) では使用できない文字がファイルに含まれています。
C:\Users\k023g\OneDrive\デスクトップ\AL3_0719\DirectXGame\MapChipField.cpp(1,1): warning C4828: オフセット 0x314 から始まる、現在のソースの文字セット (コードページ 65001) では使用できない文字がファイルに含まれています。
C:\Users\k023g\OneDrive\デスクトップ\AL3_0719\DirectXGame\MapChipField.cpp(1,1): warning C4828: オフセット 0x316 から始まる、現在のソースの文字セット (コードページ 65001) では使用できない文字がファイルに含まれています。
C:\Users\k023g\OneDrive\デスクトップ\AL3_0719\DirectXGame\MapChipField.cpp(1,1): warning C4828: オフセット 0x318 から始まる、現在のソースの文字セット (コードページ 65001) では使用できない文字がファイルに含まれています。
C:\Users\k023g\OneDrive\デスクトップ\AL3_0719\DirectXGame\MapChipField.cpp(1,1): warning C4828: オフセット 0x31a から始まる、現在のソースの文字セット (コードページ 65001) では使用できない文字がファイルに含まれています。
C:\Users\k023g\OneDrive\デスクトップ\AL3_0719\DirectXGame\MapChipField.cpp(1,1): warning C4828: オフセット 0x31c から始まる、現在のソースの文字セット (コードページ 65001) では使用できない文字がファイルに含まれています。
C:\Users\k023g\OneDrive\デスクトップ\AL3_0719\DirectXGame\MapChipField.cpp(1,1): warning C4828: オフセット 0x31e から始まる、現在のソースの文字セット (コードページ 65001) では使用できない文字がファイルに含まれています。
C:\Users\k023g\OneDrive\デスクトップ\AL3_0719\DirectXGame\MapChipField.cpp(1,1): warning C4828: オフセット 0x320 から始まる、現在のソースの文字セット (コードページ 65001) では使用できない文字がファイルに含まれています。
C:\Users\k023g\OneDrive\デスクトップ\AL3_0719\DirectXGame\MapChipField.cpp(1,1): warning C4828: オフセット 0x322 から始まる、現在のソースの文字セット (コードページ 65001) では使用できない文字がファイルに含まれています。
C:\Users\k023g\OneDrive\デスクトップ\AL3_0719\DirectXGame\MapChipField.cpp(1,1): warning C4828: オフセット 0x323 から始まる、現在のソースの文字セット (コードページ 65001) では使用できない文字がファイルに含まれています。
C:\Users\k023g\OneDrive\デスクトップ\AL3_0719\DirectXGame\MapChipField.cpp(1,1): warning C4828: オフセット 0x328 から始まる、現在のソースの文字セット (コードページ 65001) では使用できない文字がファイルに含まれています。
C:\Users\k023g\OneDrive\デスクトップ\AL3_0719\DirectXGame\MapChipField.cpp(1,1): warning C4828: オフセット 0x32a から始まる、現在のソースの文字セット (コードページ 65001) では使用できない文字がファイルに含まれています。
C:\Users\k023g\OneDrive\デスクトップ\AL3_0719\DirectXGame\MapChipField.cpp(1,1): warning C4828: オフセット 0x34a から始まる、現在のソースの文字セット (コードページ 65001) では使用できない文字がファイルに含まれています。
C:\Users\k023g\OneDrive\デスクトップ\AL3_0719\DirectXGame\MapChipField.cpp(1,1): warning C4828: オフセット 0x34c から始まる、現在のソースの文字セット (コードページ 65001) では使用できない文字がファイルに含まれています。
C:\Users\k023g\OneDrive\デスクトップ\AL3_0719\DirectXGame\MapChipField.cpp(1,1): warning C4828: オフセット 0x34e から始まる、現在のソースの文字セット (コードページ 65001) では使用できない文字がファイルに含まれています。
C:\Users\k023g\OneDrive\デスクトップ\AL3_0719\DirectXGame\MapChipField.cpp(1,1): warning C4828: オフセット 0x350 から始まる、現在のソースの文字セット (コードページ 65001) では使用できない文字がファイルに含まれています。
C:\Users\k023g\OneDrive\デスクトップ\AL3_0719\DirectXGame\MapChipField.cpp(1,1): warning C4828: オフセット 0x351 から始まる、現在のソースの文字セット (コードページ 65001) では使用できない文字がファイルに含まれています。
C:\Users\k023g\OneDrive\デスクトップ\AL3_0719\DirectXGame\MapChipField.cpp(1,1): warning C4828: オフセット 0x352 から始まる、現在のソースの文字セット (コードページ 65001) では使用できない文字がファイルに含まれています。
C:\Users\k023g\OneDrive\デスクトップ\AL3_0719\DirectXGame\MapChipField.cpp(1,1): warning C4828: オフセット 0x353 から始まる、現在のソースの文字セット (コードページ 65001) では使用できない文字がファイルに含まれています。
C:\Users\k023g\OneDrive\デスクトップ\AL3_0719\DirectXGame\MapChipField.cpp(1,1): warning C4828: オフセット 0x357 から始まる、現在のソースの文字セット (コードページ 65001) では使用できない文字がファイルに含まれています。
C:\Users\k023g\OneDrive\デスクトップ\AL3_0719\DirectXGame\MapChipField.cpp(1,1): warning C4828: オフセット 0x3aa から始まる、現在のソースの文字セット (コードページ 65001) では使用できない文字がファイルに含まれています。
C:\Users\k023g\OneDrive\デスクトップ\AL3_0719\DirectXGame\MapChipField.cpp(1,1): warning C4828: オフセット 0x3ac から始まる、現在のソースの文字セット (コードページ 65001) では使用できない文字がファイルに含まれています。
C:\Users\k023g\OneDrive\デスクトップ\AL3_0719\DirectXGame\MapChipField.cpp(1,1): warning C4828: オフセット 0x3ae から始まる、現在のソースの文字セット (コードページ 65001) では使用できない文字がファイルに含まれています。
C:\Users\k023g\OneDrive\デスクトップ\AL3_0719\DirectXGame\MapChipField.cpp(1,1): warning C4828: オフセット 0x3b0 から始まる、現在のソースの文字セット (コードページ 65001) では使用できない文字がファイルに含まれています。
C:\Users\k023g\OneDrive\デスクトップ\AL3_0719\DirectXGame\MapChipField.cpp(1,1): warning C4828: オフセット 0x3b2 から始まる、現在のソースの文字セット (コードページ 65001) では使用できない文字がファイルに含まれています。
C:\Users\k023g\OneDrive\デスクトップ\AL3_0719\DirectXGame\MapChipField.cpp(1,1): warning C4828: オフセット 0x3b4 から始まる、現在のソースの文字セット (コードページ 65001) では使用できない文字がファイルに含まれています。
C:\Users\k023g\OneDrive\デスクトップ\AL3_0719\DirectXGame\MapChipField.cpp(1,1): warning C4828: オフセット 0x3df から始まる、現在のソースの文字セット (コードページ 65001) では使用できない文字がファイルに含まれています。
C:\Users\k023g\OneDrive\デスクトップ\AL3_0719\DirectXGame\MapChipField.cpp(1,1): warning C4828: オフセット 0x3e1 から始まる、現在のソースの文字セット (コードページ 65001) では使用できない文字がファイルに含まれています。
C:\Users\k023g\OneDrive\デスクトップ\AL3_0719\DirectXGame\MapChipField.cpp(1,1): warning C4828: オフセット 0x3e3 から始まる、現在のソースの文字セット (コードページ 65001) では使用できない文字がファイルに含まれています。
C:\Users\k023g\OneDrive\デスクトップ\AL3_0719\DirectXGame\MapChipField.cpp(1,1): warning C4828: オフセット 0x3e5 から始まる、現在のソースの文字セット (コードページ 65001) では使用できない文字がファイルに含まれています。
C:\Users\k023g\OneDrive\デスクトップ\AL3_0719\DirectXGame\MapChipField.cpp(1,1): warning C4828: オフセット 0x3e6 から始まる、現在のソースの文字セット (コードページ 65001) では使用できない文字がファイルに含まれています。
C:\Users\k023g\OneDrive\デスクトップ\AL3_0719\DirectXGame\MapChipField.cpp(1,1): warning C4828: オフセット 0x3e7 から始まる、現在のソースの文字セット (コードページ 65001) では使用できない文字がファイルに含まれています。
C:\Users\k023g\OneDrive\デスクトップ\AL3_0719\DirectXGame\MapChipField.cpp(1,1): warning C4828: オフセット 0x3ea から始まる、現在のソースの文字セット (コードページ 65001) では使用できない文字がファイルに含まれています。
C:\Users\k023g\OneDrive\デスクトップ\AL3_0719\DirectXGame\MapChipField.cpp(1,1): warning C4828: オフセット 0x3ed から始まる、現在のソースの文字セット (コードページ 65001) では使用できない文字がファイルに含まれています。
C:\Users\k023g\OneDrive\デスクトップ\AL3_0719\DirectXGame\MapChipField.cpp(1,1): warning C4828: オフセット 0x3f2 から始まる、現在のソースの文字セット (コードページ 65001) では使用できない文字がファイルに含まれています。
C:\Users\k023g\OneDrive\デスクトップ\AL3_0719\DirectXGame\MapChipField.cpp(1,1): warning C4828: オフセット 0x3f3 から始まる、現在のソースの文字セット (コードページ 65001) では使用できない文字がファイルに含まれています。
C:\Users\k023g\OneDrive\デスクトップ\AL3_0719\DirectXGame\MapChipField.cpp(1,1): warning C4828: オフセット 0x3f4 から始まる、現在のソースの文字セット (コードページ 65001) では使用できない文字がファイルに含まれています。
C:\Users\k023g\OneDrive\デスクトップ\AL3_0719\DirectXGame\MapChipField.cpp(1,1): warning C4828: オフセット 0x3f9 から始まる、現在のソースの文字セット (コードページ 65001) では使用できない文字がファイルに含まれています。
C:\Users\k023g\OneDrive\デスクトップ\AL3_0719\DirectXGame\MapChipField.cpp(1,1): warning C4828: オフセット 0x3fa から始まる、現在のソースの文字セット (コードページ 65001) では使用できない文字がファイルに含まれています。
C:\Users\k023g\OneDrive\デスクトップ\AL3_0719\DirectXGame\MapChipField.cpp(1,1): warning C4828: オフセット 0x3fb から始まる、現在のソースの文字セット (コードページ 65001) では使用できない文字がファイルに含まれています。
C:\Users\k023g\OneDrive\デスクトップ\AL3_0719\DirectXGame\MapChipField.cpp(1,1): warning C4828: オフセット 0x3fd から始まる、現在のソースの文字セット (コードページ 65001) では使用できない文字がファイルに含まれています。
C:\Users\k023g\OneDrive\デスクトップ\AL3_0719\DirectXGame\MapChipField.cpp(1,1): warning C4828: オフセット 0x3fe から始まる、現在のソースの文字セット (コードページ 65001) では使用できない文字がファイルに含まれています。
C:\Users\k023g\OneDrive\デスクトップ\AL3_0719\DirectXGame\MapChipField.cpp(1,1): warning C4828: オフセット 0x3ff から始まる、現在のソースの文字セット (コードページ 65001) では使用できない文字がファイルに含まれています。
C:\Users\k023g\OneDrive\デスクトップ\AL3_0719\DirectXGame\MapChipField.cpp(1,1): warning C4828: オフセット 0x403 から始まる、現在のソースの文字セット (コードページ 65001) では使用できない文字がファイルに含まれています。
C:\Users\k023g\OneDrive\デスクトップ\AL3_0719\DirectXGame\MapChipField.cpp(1,1): warning C4828: オフセット 0x405 から始まる、現在のソースの文字セット (コードページ 65001) では使用できない文字がファイルに含まれています。
C:\Users\k023g\OneDrive\デスクトップ\AL3_0719\DirectXGame\MapChipField.cpp(1,1): warning C4828: オフセット 0x42b から始まる、現在のソースの文字セット (コードページ 65001) では使用できない文字がファイルに含まれています。
C:\Users\k023g\OneDrive\デスクトップ\AL3_0719\DirectXGame\MapChipField.cpp(1,1): warning C4828: オフセット 0x42d から始まる、現在のソースの文字セット (コードページ 65001) では使用できない文字がファイルに含まれています。
C:\Users\k023g\OneDrive\デスクトップ\AL3_0719\DirectXGame\MapChipField.cpp(1,1): warning C4828: オフセット 0x42f から始まる、現在のソースの文字セット (コードページ 65001) では使用できない文字がファイルに含まれています。
C:\Users\k023g\OneDrive\デスクトップ\AL3_0719\DirectXGame\MapChipField.cpp(1,1): warning C4828: オフセット 0x431 から始まる、現在のソースの文字セット (コードページ 65001) では使用できない文字がファイルに含まれています。
C:\Users\k023g\OneDrive\デスクトップ\AL3_0719\DirectXGame\MapChipField.cpp(1,1): warning C4828: オフセット 0x432 から始まる、現在のソースの文字セット (コードページ 65001) では使用できない文字がファイルに含まれています。
C:\Users\k023g\OneDrive\デスクトップ\AL3_0719\DirectXGame\MapChipField.cpp(1,1): warning C4828: オフセット 0x433 から始まる、現在のソースの文字セット (コードページ 65001) では使用できない文字がファイルに含まれています。
C:\Users\k023g\OneDrive\デスクトップ\AL3_0719\DirectXGame\MapChipField.cpp(1,1): warning C4828: オフセット 0x434 から始まる、現在のソースの文字セット (コードページ 65001) では使用できない文字がファイルに含まれています。
C:\Users\k023g\OneDrive\デスクトップ\AL3_0719\DirectXGame\MapChipField.cpp(1,1): warning C4828: オフセット 0x438 から始まる、現在のソースの文字セット (コードページ 65001) では使用できない文字がファイルに含まれています。
C:\Users\k023g\OneDrive\デスクトップ\AL3_0719\DirectXGame\MapChipField.cpp(1,1): warning C4828: オフセット 0x439 から始まる、現在のソースの文字セット (コードページ 65001) では使用できない文字がファイルに含まれています。
C:\Users\k023g\OneDrive\デスクトップ\AL3_0719\DirectXGame\MapChipField.cpp(1,1): warning C4828: オフセット 0x43a から始まる、現在のソースの文字セット (コードページ 65001) では使用できない文字がファイルに含まれています。
C:\Users\k023g\OneDrive\デスクトップ\AL3_0719\DirectXGame\MapChipField.cpp(1,1): warning C4828: オフセット 0x456 から始まる、現在のソースの文字セット (コードページ 65001) では使用できない文字がファイルに含まれています。
C:\Users\k023g\OneDrive\デスクトップ\AL3_0719\DirectXGame\MapChipField.cpp(1,1): warning C4828: オフセット 0x457 から始まる、現在のソースの文字セット (コードページ 65001) では使用できない文字がファイルに含まれています。
C:\Users\k023g\OneDrive\デスクトップ\AL3_0719\DirectXGame\MapChipField.cpp(1,1): warning C4828: オフセット 0x458 から始まる、現在のソースの文字セット (コードページ 65001) では使用できない文字がファイルに含まれています。
C:\Users\k023g\OneDrive\デスクトップ\AL3_0719\DirectXGame\MapChipField.cpp(1,1): warning C4828: オフセット 0x459 から始まる、現在のソースの文字セット (コードページ 65001) では使用できない文字がファイルに含まれています。
C:\Users\k023g\OneDrive\デスクトップ\AL3_0719\DirectXGame\MapChipField.cpp(1,1): warning C4828: オフセット 0x45c から始まる、現在のソースの文字セット (コードページ 65001) では使用できない文字がファイルに含まれています。
C:\Users\k023g\OneDrive\デスクトップ\AL3_0719\DirectXGame\MapChipField.cpp(1,1): warning C4828: オフセット 0x45e から始まる、現在のソースの文字セット (コードページ 65001) では使用できない文字がファイルに含まれています。
C:\Users\k023g\OneDrive\デスクトップ\AL3_0719\DirectXGame\MapChipField.cpp(1,1): warning C4828: オフセット 0x460 から始まる、現在のソースの文字セット (コードページ 65001) では使用できない文字がファイルに含まれています。
C:\Users\k023g\OneDrive\デスクトップ\AL3_0719\DirectXGame\MapChipField.cpp(1,1): warning C4828: オフセット 0x462 から始まる、現在のソースの文字セット (コードページ 65001) では使用できない文字がファイルに含まれています。
C:\Users\k023g\OneDrive\デスクトップ\AL3_0719\DirectXGame\MapChipField.cpp(1,1): warning C4828: オフセット 0x464 から始まる、現在のソースの文字セット (コードページ 65001) では使用できない文字がファイルに含まれています。
C:\Users\k023g\OneDrive\デスクトップ\AL3_0719\DirectXGame\MapChipField.cpp(1,1): warning C4828: オフセット 0x466 から始まる、現在のソースの文字セット (コードページ 65001) では使用できない文字がファイルに含まれています。
C:\Users\k023g\OneDrive\デスクトップ\AL3_0719\DirectXGame\MapChipField.cpp(1,1): warning C4828: オフセット 0x468 から始まる、現在のソースの文字セット (コードページ 65001) では使用できない文字がファイルに含まれています。
C:\Users\k023g\OneDrive\デスクトップ\AL3_0719\DirectXGame\MapChipField.cpp(1,1): warning C4828: オフセット 0x46a から始まる、現在のソースの文字セット (コードページ 65001) では使用できない文字がファイルに含まれています。
C:\Users\k023g\OneDrive\デスクトップ\AL3_0719\DirectXGame\MapChipField.cpp(1,1): warning C4828: オフセット 0x46c から始まる、現在のソースの文字セット (コードページ 65001) では使用できない文字がファイルに含まれています。
C:\Users\k023g\OneDrive\デスクトップ\AL3_0719\DirectXGame\MapChipField.cpp(1,1): warning C4828: オフセット 0x46d から始まる、現在のソースの文字セット (コードページ 65001) では使用できない文字がファイルに含まれています。
C:\Users\k023g\OneDrive\デスクトップ\AL3_0719\DirectXGame\MapChipField.cpp(1,1): warning C4828: オフセット 0x473 から始まる、現在のソースの文字セット (コードページ 65001) では使用できない文字がファイルに含まれています。
C:\Users\k023g\OneDrive\デスクトップ\AL3_0719\DirectXGame\MapChipField.cpp(1,1): warning C4828: オフセット 0x474 から始まる、現在のソースの文字セット (コードページ 65001) では使用できない文字がファイルに含まれています。
C:\Users\k023g\OneDrive\デスクトップ\AL3_0719\DirectXGame\MapChipField.cpp(1,1): warning C4828: オフセット 0x475 から始まる、現在のソースの文字セット (コードページ 65001) では使用できない文字がファイルに含まれています。
C:\Users\k023g\OneDrive\デスクトップ\AL3_0719\DirectXGame\MapChipField.cpp(1,1): warning C4828: オフセット 0x4e6 から始まる、現在のソースの文字セット (コードページ 65001) では使用できない文字がファイルに含まれています。
C:\Users\k023g\OneDrive\デスクトップ\AL3_0719\DirectXGame\MapChipField.cpp(1,1): warning C4828: オフセット 0x4e8 から始まる、現在のソースの文字セット (コードページ 65001) では使用できない文字がファイルに含まれています。
C:\Users\k023g\OneDrive\デスクトップ\AL3_0719\DirectXGame\MapChipField.cpp(1,1): warning C4828: オフセット 0x4e9 から始まる、現在のソースの文字セット (コードページ 65001) では使用できない文字がファイルに含まれています。
C:\Users\k023g\OneDrive\デスクトップ\AL3_0719\DirectXGame\MapChipField.cpp(1,1): warning C4828: オフセット 0x4ea から始まる、現在のソースの文字セット (コードページ 65001) では使用できない文字がファイルに含まれています。
C:\Users\k023g\OneDrive\デスクトップ\AL3_0719\DirectXGame\MapChipField.cpp(1,1): warning C4828: オフセット 0x4ed から始まる、現在のソースの文字セット (コードページ 65001) では使用できない文字がファイルに含まれています。
C:\Users\k023g\OneDrive\デスクトップ\AL3_0719\DirectXGame\MapChipField.cpp(1,1): warning C4828: オフセット 0x4ee から始まる、現在のソースの文字セット (コードページ 65001) では使用できない文字がファイルに含まれています。
C:\Users\k023g\OneDrive\デスクトップ\AL3_0719\DirectXGame\MapChipField.cpp(1,1): warning C4828: オフセット 0x4ef から始まる、現在のソースの文字セット (コードページ 65001) では使用できない文字がファイルに含まれています。
C:\Users\k023g\OneDrive\デスクトップ\AL3_0719\DirectXGame\MapChipField.cpp(1,1): warning C4828: オフセット 0x4f0 から始まる、現在のソースの文字セット (コードページ 65001) では使用できない文字がファイルに含まれています。
C:\Users\k023g\OneDrive\デスクトップ\AL3_0719\DirectXGame\MapChipField.cpp(1,1): warning C4828: オフセット 0x4f1 から始まる、現在のソースの文字セット (コードページ 65001) では使用できない文字がファイルに含まれています。
C:\Users\k023g\OneDrive\デスクトップ\AL3_0719\DirectXGame\MapChipField.cpp(1,1): warning C4828: オフセット 0x4f6 から始まる、現在のソースの文字セット (コードページ 65001) では使用できない文字がファイルに含まれています。
C:\Users\k023g\OneDrive\デスクトップ\AL3_0719\DirectXGame\MapChipField.cpp(1,1): warning C4828: オフセット 0x4f8 から始まる、現在のソースの文字セット (コードページ 65001) では使用できない文字がファイルに含まれています。
C:\Users\k023g\OneDrive\デスクトップ\AL3_0719\DirectXGame\MapChipField.cpp(1,1): warning C4828: オフセット 0x4f9 から始まる、現在のソースの文字セット (コードページ 65001) では使用できない文字がファイルに含まれています。
C:\Users\k023g\OneDrive\デスクトップ\AL3_0719\DirectXGame\MapChipField.cpp(1,1): warning C4828: オフセット 0x4fa から始まる、現在のソースの文字セット (コードページ 65001) では使用できない文字がファイルに含まれています。
C:\Users\k023g\OneDrive\デスクトップ\AL3_0719\DirectXGame\MapChipField.cpp(1,1): warning C4828: オフセット 0x4fc から始まる、現在のソースの文字セット (コードページ 65001) では使用できない文字がファイルに含まれています。
C:\Users\k023g\OneDrive\デスクトップ\AL3_0719\DirectXGame\MapChipField.cpp(1,1): warning C4828: オフセット 0x4fd から始まる、現在のソースの文字セット (コードページ 65001) では使用できない文字がファイルに含まれています。
C:\Users\k023g\OneDrive\デスクトップ\AL3_0719\DirectXGame\MapChipField.cpp(1,1): warning C4828: オフセット 0x4fe から始まる、現在のソースの文字セット (コードページ 65001) では使用できない文字がファイルに含まれています。
C:\Users\k023g\OneDrive\デスクトップ\AL3_0719\DirectXGame\MapChipField.cpp(1,1): warning C4828: オフセット 0x503 から始まる、現在のソースの文字セット (コードページ 65001) では使用できない文字がファイルに含まれています。
C:\Users\k023g\OneDrive\デスクトップ\AL3_0719\DirectXGame\MapChipField.cpp(1,1): warning C4828: オフセット 0x504 から始まる、現在のソースの文字セット (コードページ 65001) では使用できない文字がファイルに含まれています。
C:\Users\k023g\OneDrive\デスクトップ\AL3_0719\DirectXGame\MapChipField.cpp(1,1): warning C4828: オフセット 0x505 から始まる、現在のソースの文字セット (コードページ 65001) では使用できない文字がファイルに含まれています。
C:\Users\k023g\OneDrive\デスクトップ\AL3_0719\DirectXGame\MapChipField.cpp(1,1): warning C4828: オフセット 0x506 から始まる、現在のソースの文字セット (コードページ 65001) では使用できない文字がファイルに含まれています。
C:\Users\k023g\OneDrive\デスクトップ\AL3_0719\DirectXGame\MapChipField.cpp(1,1): warning C4828: オフセット 0x509 から始まる、現在のソースの文字セット (コードページ 65001) では使用できない文字がファイルに含まれています。
C:\Users\k023g\OneDrive\デスクトップ\AL3_0719\DirectXGame\MapChipField.cpp(1,1): warning C4828: オフセット 0x50d から始まる、現在のソースの文字セット (コードページ 65001) では使用できない文字がファイルに含まれています。
C:\Users\k023g\OneDrive\デスクトップ\AL3_0719\DirectXGame\MapChipField.cpp(1,1): warning C4828: オフセット 0x50e から始まる、現在のソースの文字セット (コードページ 65001) では使用できない文字がファイルに含まれています。
C:\Users\k023g\OneDrive\デスクトップ\AL3_0719\DirectXGame\MapChipField.cpp(1,1): warning C4828: オフセット 0x512 から始まる、現在のソースの文字セット (コードページ 65001) では使用できない文字がファイルに含まれています。
C:\Users\k023g\OneDrive\デスクトップ\AL3_0719\DirectXGame\MapChipField.cpp(1,1): warning C4828: オフセット 0x513 から始まる、現在のソースの文字セット (コードページ 65001) では使用できない文字がファイルに含まれています。
C:\Users\k023g\OneDrive\デスクトップ\AL3_0719\DirectXGame\MapChipField.cpp(1,1): warning C4828: オフセット 0x514 から始まる、現在のソースの文字セット (コードページ 65001) では使用できない文字がファイルに含まれています。
C:\Users\k023g\OneDrive\デスクトップ\AL3_0719\DirectXGame\MapChipField.cpp(1,1): warning C4828: オフセット 0x515 から始まる、現在のソースの文字セット (コードページ 65001) では使用できない文字がファイルに含まれています。
C:\Users\k023g\OneDrive\デスクトップ\AL3_0719\DirectXGame\MapChipField.cpp(1,1): warning C4828: オフセット 0x516 から始まる、現在のソースの文字セット (コードページ 65001) では使用できない文字がファイルに含まれています。
C:\Users\k023g\OneDrive\デスクトップ\AL3_0719\DirectXGame\MapChipField.cpp(1,1): warning C4828: オフセット 0x517 から始まる、現在のソースの文字セット (コードページ 65001) では使用できない文字がファイルに含まれています。
C:\Users\k023g\OneDrive\デスクトップ\AL3_0719\DirectXGame\MapChipField.h(1,1): warning C4828: オフセット 0x51 から始まる、現在のソースの文字セット (コードページ 65001) では使用できない文字がファイルに含まれています。
  (ソース ファイル 'MapChipField.cpp' をコンパイルしています)
  
C:\Users\k023g\OneDrive\デスクトップ\AL3_0719\DirectXGame\MapChipField.h(1,1): warning C4828: オフセット 0x53 から始まる、現在のソースの文字セット (コードページ 65001) では使用できない文字がファイルに含まれています。
  (ソース ファイル 'MapChipField.cpp' をコンパイルしています)
  
C:\Users\k023g\OneDrive\デスクトップ\AL3_0719\DirectXGame\MapChipField.h(1,1): warning C4828: オフセット 0x54 から始まる、現在のソースの文字セット (コードページ 65001) では使用できない文字がファイルに含まれています。
  (ソース ファイル 'MapChipField.cpp' をコンパイルしています)
  
C:\Users\k023g\OneDrive\デスクトップ\AL3_0719\DirectXGame\MapChipField.h(1,1): warning C4828: オフセット 0x55 から始まる、現在のソースの文字セット (コードページ 65001) では使用できない文字がファイルに含まれています。
  (ソース ファイル 'MapChipField.cpp' をコンパイルしています)
  
C:\Users\k023g\OneDrive\デスクトップ\AL3_0719\DirectXGame\MapChipField.h(1,1): warning C4828: オフセット 0x57 から始まる、現在のソースの文字セット (コードページ 65001) では使用できない文字がファイルに含まれています。
  (ソース ファイル 'MapChipField.cpp' をコンパイルしています)
  
C:\Users\k023g\OneDrive\デスクトップ\AL3_0719\DirectXGame\MapChipField.h(1,1): warning C4828: オフセット 0x60 から始まる、現在のソースの文字セット (コードページ 65001) では使用できない文字がファイルに含まれています。
  (ソース ファイル 'MapChipField.cpp' をコンパイルしています)
  
C:\Users\k023g\OneDrive\デスクトップ\AL3_0719\DirectXGame\MapChipField.h(1,1): warning C4828: オフセット 0x63 から始まる、現在のソースの文字セット (コードページ 65001) では使用できない文字がファイルに含まれています。
  (ソース ファイル 'MapChipField.cpp' をコンパイルしています)
  
C:\Users\k023g\OneDrive\デスクトップ\AL3_0719\DirectXGame\MapChipField.h(1,1): warning C4828: オフセット 0x64 から始まる、現在のソースの文字セット (コードページ 65001) では使用できない文字がファイルに含まれています。
  (ソース ファイル 'MapChipField.cpp' をコンパイルしています)
  
C:\Users\k023g\OneDrive\デスクトップ\AL3_0719\DirectXGame\MapChipField.h(1,1): warning C4828: オフセット 0x6f から始まる、現在のソースの文字セット (コードページ 65001) では使用できない文字がファイルに含まれています。
  (ソース ファイル 'MapChipField.cpp' をコンパイルしています)
  
C:\Users\k023g\OneDrive\デスクトップ\AL3_0719\DirectXGame\MapChipField.h(1,1): warning C4828: オフセット 0x74 から始まる、現在のソースの文字セット (コードページ 65001) では使用できない文字がファイルに含まれています。
  (ソース ファイル 'MapChipField.cpp' をコンパイルしています)
  
C:\Users\k023g\OneDrive\デスクトップ\AL3_0719\DirectXGame\MapChipField.h(1,1): warning C4828: オフセット 0x75 から始まる、現在のソースの文字セット (コードページ 65001) では使用できない文字がファイルに含まれています。
  (ソース ファイル 'MapChipField.cpp' をコンパイルしています)
  
C:\Users\k023g\OneDrive\デスクトップ\AL3_0719\DirectXGame\MapChipField.h(1,1): warning C4828: オフセット 0x78 から始まる、現在のソースの文字セット (コードページ 65001) では使用できない文字がファイルに含まれています。
  (ソース ファイル 'MapChipField.cpp' をコンパイルしています)
  
C:\Users\k023g\OneDrive\デスクトップ\AL3_0719\DirectXGame\MapChipField.h(1,1): warning C4828: オフセット 0x79 から始まる、現在のソースの文字セット (コードページ 65001) では使用できない文字がファイルに含まれています。
  (ソース ファイル 'MapChipField.cpp' をコンパイルしています)
  
C:\Users\k023g\OneDrive\デスクトップ\AL3_0719\DirectXGame\MapChipField.h(1,1): warning C4828: オフセット 0x7b から始まる、現在のソースの文字セット (コードページ 65001) では使用できない文字がファイルに含まれています。
  (ソース ファイル 'MapChipField.cpp' をコンパイルしています)
  
C:\Users\k023g\OneDrive\デスクトップ\AL3_0719\DirectXGame\MapChipField.h(1,1): warning C4828: オフセット 0x7c から始まる、現在のソースの文字セット (コードページ 65001) では使用できない文字がファイルに含まれています。
  (ソース ファイル 'MapChipField.cpp' をコンパイルしています)
  
C:\Users\k023g\OneDrive\デスクトップ\AL3_0719\DirectXGame\MapChipField.h(1,1): warning C4828: オフセット 0x7d から始まる、現在のソースの文字セット (コードページ 65001) では使用できない文字がファイルに含まれています。
  (ソース ファイル 'MapChipField.cpp' をコンパイルしています)
  
C:\Users\k023g\OneDrive\デスクトップ\AL3_0719\DirectXGame\MapChipField.h(1,1): warning C4828: オフセット 0x7e から始まる、現在のソースの文字セット (コードページ 65001) では使用できない文字がファイルに含まれています。
  (ソース ファイル 'MapChipField.cpp' をコンパイルしています)
  
C:\Users\k023g\OneDrive\デスクトップ\AL3_0719\DirectXGame\MapChipField.h(1,1): warning C4828: オフセット 0x7f から始まる、現在のソースの文字セット (コードページ 65001) では使用できない文字がファイルに含まれています。
  (ソース ファイル 'MapChipField.cpp' をコンパイルしています)
  
C:\Users\k023g\OneDrive\デスクトップ\AL3_0719\DirectXGame\MapChipField.h(1,1): warning C4828: オフセット 0x80 から始まる、現在のソースの文字セット (コードページ 65001) では使用できない文字がファイルに含まれています。
  (ソース ファイル 'MapChipField.cpp' をコンパイルしています)
  
C:\Users\k023g\OneDrive\デスクトップ\AL3_0719\DirectXGame\MapChipField.h(1,1): warning C4828: オフセット 0x83 から始まる、現在のソースの文字セット (コードページ 65001) では使用できない文字がファイルに含まれています。
  (ソース ファイル 'MapChipField.cpp' をコンパイルしています)
  
C:\Users\k023g\OneDrive\デスクトップ\AL3_0719\DirectXGame\MapChipField.h(1,1): warning C4828: オフセット 0x84 から始まる、現在のソースの文字セット (コードページ 65001) では使用できない文字がファイルに含まれています。
  (ソース ファイル 'MapChipField.cpp' をコンパイルしています)
  
C:\Users\k023g\OneDrive\デスクトップ\AL3_0719\DirectXGame\MapChipField.h(1,1): warning C4828: オフセット 0x85 から始まる、現在のソースの文字セット (コードページ 65001) では使用できない文字がファイルに含まれています。
  (ソース ファイル 'MapChipField.cpp' をコンパイルしています)
  
C:\Users\k023g\OneDrive\デスクトップ\AL3_0719\DirectXGame\MapChipField.h(1,1): warning C4828: オフセット 0x96 から始まる、現在のソースの文字セット (コードページ 65001) では使用できない文字がファイルに含まれています。
  (ソース ファイル 'MapChipField.cpp' をコンパイルしています)
  
C:\Users\k023g\OneDrive\デスクトップ\AL3_0719\DirectXGame\MapChipField.h(1,1): warning C4828: オフセット 0x9e から始まる、現在のソースの文字セット (コードページ 65001) では使用できない文字がファイルに含まれています。
  (ソース ファイル 'MapChipField.cpp' をコンパイルしています)
  
C:\Users\k023g\OneDrive\デスクトップ\AL3_0719\DirectXGame\MapChipField.h(1,1): warning C4828: オフセット 0xa6 から始まる、現在のソースの文字セット (コードページ 65001) では使用できない文字がファイルに含まれています。
  (ソース ファイル 'MapChipField.cpp' をコンパイルしています)
  
C:\Users\k023g\OneDrive\デスクトップ\AL3_0719\DirectXGame\MapChipField.h(1,1): warning C4828: オフセット 0xa9 から始まる、現在のソースの文字セット (コードページ 65001) では使用できない文字がファイルに含まれています。
  (ソース ファイル 'MapChipField.cpp' をコンパイルしています)
  
C:\Users\k023g\OneDrive\デスクトップ\AL3_0719\DirectXGame\MapChipField.h(1,1): warning C4828: オフセット 0xaa から始まる、現在のソースの文字セット (コードページ 65001) では使用できない文字がファイルに含まれています。
  (ソース ファイル 'MapChipField.cpp' をコンパイルしています)
  
C:\Users\k023g\OneDrive\デスクトップ\AL3_0719\DirectXGame\MapChipField.h(1,1): warning C4828: オフセット 0xab から始まる、現在のソースの文字セット (コードページ 65001) では使用できない文字がファイルに含まれています。
  (ソース ファイル 'MapChipField.cpp' をコンパイルしています)
  
C:\Users\k023g\OneDrive\デスクトップ\AL3_0719\DirectXGame\MapChipField.h(1,1): warning C4828: オフセット 0xac から始まる、現在のソースの文字セット (コードページ 65001) では使用できない文字がファイルに含まれています。
  (ソース ファイル 'MapChipField.cpp' をコンパイルしています)
  
C:\Users\k023g\OneDrive\デスクトップ\AL3_0719\DirectXGame\MapChipField.h(1,1): warning C4828: オフセット 0xae から始まる、現在のソースの文字セット (コードページ 65001) では使用できない文字がファイルに含まれています。
  (ソース ファイル 'MapChipField.cpp' をコンパイルしています)
  
C:\Users\k023g\OneDrive\デスクトップ\AL3_0719\DirectXGame\MapChipField.h(1,1): warning C4828: オフセット 0xb3 から始まる、現在のソースの文字セット (コードページ 65001) では使用できない文字がファイルに含まれています。
  (ソース ファイル 'MapChipField.cpp' をコンパイルしています)
  
C:\Users\k023g\OneDrive\デスクトップ\AL3_0719\DirectXGame\MapChipField.h(1,1): warning C4828: オフセット 0xb4 から始まる、現在のソースの文字セット (コードページ 65001) では使用できない文字がファイルに含まれています。
  (ソース ファイル 'MapChipField.cpp' をコンパイルしています)
  
C:\Users\k023g\OneDrive\デスクトップ\AL3_0719\DirectXGame\MapChipField.h(1,1): warning C4828: オフセット 0xb5 から始まる、現在のソースの文字セット (コードページ 65001) では使用できない文字がファイルに含まれています。
  (ソース ファイル 'MapChipField.cpp' をコンパイルしています)
  
C:\Users\k023g\OneDrive\デスクトップ\AL3_0719\DirectXGame\MapChipField.h(1,1): warning C4828: オフセット 0xb6 から始まる、現在のソースの文字セット (コードページ 65001) では使用できない文字がファイルに含まれています。
  (ソース ファイル 'MapChipField.cpp' をコンパイルしています)
  
C:\Users\k023g\OneDrive\デスクトップ\AL3_0719\DirectXGame\MapChipField.h(1,1): warning C4828: オフセット 0xba から始まる、現在のソースの文字セット (コードページ 65001) では使用できない文字がファイルに含まれています。
  (ソース ファイル 'MapChipField.cpp' をコンパイルしています)
  
C:\Users\k023g\OneDrive\デスクトップ\AL3_0719\DirectXGame\MapChipField.h(1,1): warning C4828: オフセット 0xc1 から始まる、現在のソースの文字セット (コードページ 65001) では使用できない文字がファイルに含まれています。
  (ソース ファイル 'MapChipField.cpp' をコンパイルしています)
  
C:\Users\k023g\OneDrive\デスクトップ\AL3_0719\DirectXGame\MapChipField.h(1,1): warning C4828: オフセット 0xc2 から始まる、現在のソースの文字セット (コードページ 65001) では使用できない文字がファイルに含まれています。
  (ソース ファイル 'MapChipField.cpp' をコンパイルしています)
  
C:\Users\k023g\OneDrive\デスクトップ\AL3_0719\DirectXGame\MapChipField.h(1,1): warning C4828: オフセット 0xc3 から始まる、現在のソースの文字セット (コードページ 65001) では使用できない文字がファイルに含まれています。
  (ソース ファイル 'MapChipField.cpp' をコンパイルしています)
  
C:\Users\k023g\OneDrive\デスクトップ\AL3_0719\DirectXGame\MapChipField.h(1,1): warning C4828: オフセット 0xc4 から始まる、現在のソースの文字セット (コードページ 65001) では使用できない文字がファイルに含まれています。
  (ソース ファイル 'MapChipField.cpp' をコンパイルしています)
  
C:\Users\k023g\OneDrive\デスクトップ\AL3_0719\DirectXGame\MapChipField.h(1,1): warning C4828: オフセット 0xc5 から始まる、現在のソースの文字セット (コードページ 65001) では使用できない文字がファイルに含まれています。
  (ソース ファイル 'MapChipField.cpp' をコンパイルしています)
  
C:\Users\k023g\OneDrive\デスクトップ\AL3_0719\DirectXGame\MapChipField.h(1,1): warning C4828: オフセット 0xc7 から始まる、現在のソースの文字セット (コードページ 65001) では使用できない文字がファイルに含まれています。
  (ソース ファイル 'MapChipField.cpp' をコンパイルしています)
  
C:\Users\k023g\OneDrive\デスクトップ\AL3_0719\DirectXGame\MapChipField.h(1,1): warning C4828: オフセット 0xcb から始まる、現在のソースの文字セット (コードページ 65001) では使用できない文字がファイルに含まれています。
  (ソース ファイル 'MapChipField.cpp' をコンパイルしています)
  
C:\Users\k023g\OneDrive\デスクトップ\AL3_0719\DirectXGame\MapChipField.h(1,1): warning C4828: オフセット 0xce から始まる、現在のソースの文字セット (コードページ 65001) では使用できない文字がファイルに含まれています。
  (ソース ファイル 'MapChipField.cpp' をコンパイルしています)
  
C:\Users\k023g\OneDrive\デスクトップ\AL3_0719\DirectXGame\MapChipField.h(1,1): warning C4828: オフセット 0xcf から始まる、現在のソースの文字セット (コードページ 65001) では使用できない文字がファイルに含まれています。
  (ソース ファイル 'MapChipField.cpp' をコンパイルしています)
  
C:\Users\k023g\OneDrive\デスクトップ\AL3_0719\DirectXGame\MapChipField.h(1,1): warning C4828: オフセット 0xd0 から始まる、現在のソースの文字セット (コードページ 65001) では使用できない文字がファイルに含まれています。
  (ソース ファイル 'MapChipField.cpp' をコンパイルしています)
  
C:\Users\k023g\OneDrive\デスクトップ\AL3_0719\DirectXGame\MapChipField.h(1,1): warning C4828: オフセット 0xd7 から始まる、現在のソースの文字セット (コードページ 65001) では使用できない文字がファイルに含まれています。
  (ソース ファイル 'MapChipField.cpp' をコンパイルしています)
  
C:\Users\k023g\OneDrive\デスクトップ\AL3_0719\DirectXGame\MapChipField.h(1,1): warning C4828: オフセット 0xd8 から始まる、現在のソースの文字セット (コードページ 65001) では使用できない文字がファイルに含まれています。
  (ソース ファイル 'MapChipField.cpp' をコンパイルしています)
  
C:\Users\k023g\OneDrive\デスクトップ\AL3_0719\DirectXGame\MapChipField.h(1,1): warning C4828: オフセット 0xdb から始まる、現在のソースの文字セット (コードページ 65001) では使用できない文字がファイルに含まれています。
  (ソース ファイル 'MapChipField.cpp' をコンパイルしています)
  
C:\Users\k023g\OneDrive\デスクトップ\AL3_0719\DirectXGame\MapChipField.h(1,1): warning C4828: オフセット 0xdd から始まる、現在のソースの文字セット (コードページ 65001) では使用できない文字がファイルに含まれています。
  (ソース ファイル 'MapChipField.cpp' をコンパイルしています)
  
C:\Users\k023g\OneDrive\デスクトップ\AL3_0719\DirectXGame\MapChipField.h(1,1): warning C4828: オフセット 0xde から始まる、現在のソースの文字セット (コードページ 65001) では使用できない文字がファイルに含まれています。
  (ソース ファイル 'MapChipField.cpp' をコンパイルしています)
  
C:\Users\k023g\OneDrive\デスクトップ\AL3_0719\DirectXGame\MapChipField.h(1,1): warning C4828: オフセット 0xdf から始まる、現在のソースの文字セット (コードページ 65001) では使用できない文字がファイルに含まれています。
  (ソース ファイル 'MapChipField.cpp' をコンパイルしています)
  
C:\Users\k023g\OneDrive\デスクトップ\AL3_0719\DirectXGame\MapChipField.h(1,1): warning C4828: オフセット 0xe0 から始まる、現在のソースの文字セット (コードページ 65001) では使用できない文字がファイルに含まれています。
  (ソース ファイル 'MapChipField.cpp' をコンパイルしています)
  
C:\Users\k023g\OneDrive\デスクトップ\AL3_0719\DirectXGame\MapChipField.h(1,1): warning C4828: オフセット 0xe1 から始まる、現在のソースの文字セット (コードページ 65001) では使用できない文字がファイルに含まれています。
  (ソース ファイル 'MapChipField.cpp' をコンパイルしています)
  
C:\Users\k023g\OneDrive\デスクトップ\AL3_0719\DirectXGame\MapChipField.h(1,1): warning C4828: オフセット 0xe2 から始まる、現在のソースの文字セット (コードページ 65001) では使用できない文字がファイルに含まれています。
  (ソース ファイル 'MapChipField.cpp' をコンパイルしています)
  
C:\Users\k023g\OneDrive\デスクトップ\AL3_0719\DirectXGame\MapChipField.h(1,1): warning C4828: オフセット 0xe5 から始まる、現在のソースの文字セット (コードページ 65001) では使用できない文字がファイルに含まれています。
  (ソース ファイル 'MapChipField.cpp' をコンパイルしています)
  
C:\Users\k023g\OneDrive\デスクトップ\AL3_0719\DirectXGame\MapChipField.h(1,1): warning C4828: オフセット 0xe6 から始まる、現在のソースの文字セット (コードページ 65001) では使用できない文字がファイルに含まれています。
  (ソース ファイル 'MapChipField.cpp' をコンパイルしています)
  
C:\Users\k023g\OneDrive\デスクトップ\AL3_0719\DirectXGame\MapChipField.h(1,1): warning C4828: オフセット 0xe7 から始まる、現在のソースの文字セット (コードページ 65001) では使用できない文字がファイルに含まれています。
  (ソース ファイル 'MapChipField.cpp' をコンパイルしています)
  
C:\Users\k023g\OneDrive\デスクトップ\AL3_0719\DirectXGame\MapChipField.h(1,1): warning C4828: オフセット 0xf8 から始まる、現在のソースの文字セット (コードページ 65001) では使用できない文字がファイルに含まれています。
  (ソース ファイル 'MapChipField.cpp' をコンパイルしています)
  
C:\Users\k023g\OneDrive\デスクトップ\AL3_0719\DirectXGame\MapChipField.h(1,1): warning C4828: オフセット 0xf9 から始まる、現在のソースの文字セット (コードページ 65001) では使用できない文字がファイルに含まれています。
  (ソース ファイル 'MapChipField.cpp' をコンパイルしています)
  
C:\Users\k023g\OneDrive\デスクトップ\AL3_0719\DirectXGame\MapChipField.h(1,1): warning C4828: オフセット 0xfe から始まる、現在のソースの文字セット (コードページ 65001) では使用できない文字がファイルに含まれています。
  (ソース ファイル 'MapChipField.cpp' をコンパイルしています)
  
C:\Users\k023g\OneDrive\デスクトップ\AL3_0719\DirectXGame\MapChipField.h(1,1): warning C4828: オフセット 0x100 から始まる、現在のソースの文字セット (コードページ 65001) では使用できない文字がファイルに含まれています。
  (ソース ファイル 'MapChipField.cpp' をコンパイルしています)
  
C:\Users\k023g\OneDrive\デスクトップ\AL3_0719\DirectXGame\MapChipField.h(1,1): warning C4828: オフセット 0x103 から始まる、現在のソースの文字セット (コードページ 65001) では使用できない文字がファイルに含まれています。
  (ソース ファイル 'MapChipField.cpp' をコンパイルしています)
  
C:\Users\k023g\OneDrive\デスクトップ\AL3_0719\DirectXGame\MapChipField.h(1,1): warning C4828: オフセット 0x104 から始まる、現在のソースの文字セット (コードページ 65001) では使用できない文字がファイルに含まれています。
  (ソース ファイル 'MapChipField.cpp' をコンパイルしています)
  
C:\Users\k023g\OneDrive\デスクトップ\AL3_0719\DirectXGame\MapChipField.h(1,1): warning C4828: オフセット 0x105 から始まる、現在のソースの文字セット (コードページ 65001) では使用できない文字がファイルに含まれています。
  (ソース ファイル 'MapChipField.cpp' をコンパイルしています)
  
C:\Users\k023g\OneDrive\デスクトップ\AL3_0719\DirectXGame\MapChipField.h(1,1): warning C4828: オフセット 0x10a から始まる、現在のソースの文字セット (コードページ 65001) では使用できない文字がファイルに含まれています。
  (ソース ファイル 'MapChipField.cpp' をコンパイルしています)
  
C:\Users\k023g\OneDrive\デスクトップ\AL3_0719\DirectXGame\MapChipField.h(1,1): warning C4828: オフセット 0x10c から始まる、現在のソースの文字セット (コードページ 65001) では使用できない文字がファイルに含まれています。
  (ソース ファイル 'MapChipField.cpp' をコンパイルしています)
  
C:\Users\k023g\OneDrive\デスクトップ\AL3_0719\DirectXGame\MapChipField.h(1,1): warning C4828: オフセット 0x10d から始まる、現在のソースの文字セット (コードページ 65001) では使用できない文字がファイルに含まれています。
  (ソース ファイル 'MapChipField.cpp' をコンパイルしています)
  
C:\Users\k023g\OneDrive\デスクトップ\AL3_0719\DirectXGame\MapChipField.h(1,1): warning C4828: オフセット 0x110 から始まる、現在のソースの文字セット (コードページ 65001) では使用できない文字がファイルに含まれています。
  (ソース ファイル 'MapChipField.cpp' をコンパイルしています)
  
C:\Users\k023g\OneDrive\デスクトップ\AL3_0719\DirectXGame\MapChipField.h(1,1): warning C4828: オフセット 0x111 から始まる、現在のソースの文字セット (コードページ 65001) では使用できない文字がファイルに含まれています。
  (ソース ファイル 'MapChipField.cpp' をコンパイルしています)
  
C:\Users\k023g\OneDrive\デスクトップ\AL3_0719\DirectXGame\MapChipField.h(1,1): warning C4828: オフセット 0x114 から始まる、現在のソースの文字セット (コードページ 65001) では使用できない文字がファイルに含まれています。
  (ソース ファイル 'MapChipField.cpp' をコンパイルしています)
  
C:\Users\k023g\OneDrive\デスクトップ\AL3_0719\DirectXGame\MapChipField.h(1,1): warning C4828: オフセット 0x117 から始まる、現在のソースの文字セット (コードページ 65001) では使用できない文字がファイルに含まれています。
  (ソース ファイル 'MapChipField.cpp' をコンパイルしています)
  
C:\Users\k023g\OneDrive\デスクトップ\AL3_0719\DirectXGame\MapChipField.h(1,1): warning C4828: オフセット 0x118 から始まる、現在のソースの文字セット (コードページ 65001) では使用できない文字がファイルに含まれています。
  (ソース ファイル 'MapChipField.cpp' をコンパイルしています)
  
C:\Users\k023g\OneDrive\デスクトップ\AL3_0719\DirectXGame\MapChipField.h(1,1): warning C4828: オフセット 0x119 から始まる、現在のソースの文字セット (コードページ 65001) では使用できない文字がファイルに含まれています。
  (ソース ファイル 'MapChipField.cpp' をコンパイルしています)
  
C:\Users\k023g\OneDrive\デスクトップ\AL3_0719\DirectXGame\MapChipField.h(1,1): warning C4828: オフセット 0x121 から始まる、現在のソースの文字セット (コードページ 65001) では使用できない文字がファイルに含まれています。
  (ソース ファイル 'MapChipField.cpp' をコンパイルしています)
  
C:\Users\k023g\OneDrive\デスクトップ\AL3_0719\DirectXGame\MapChipField.h(1,1): warning C4828: オフセット 0x122 から始まる、現在のソースの文字セット (コードページ 65001) では使用できない文字がファイルに含まれています。
  (ソース ファイル 'MapChipField.cpp' をコンパイルしています)
  
C:\Users\k023g\OneDrive\デスクトップ\AL3_0719\DirectXGame\MapChipField.h(1,1): warning C4828: オフセット 0x123 から始まる、現在のソースの文字セット (コードページ 65001) では使用できない文字がファイルに含まれています。
  (ソース ファイル 'MapChipField.cpp' をコンパイルしています)
  
C:\Users\k023g\OneDrive\デスクトップ\AL3_0719\DirectXGame\MapChipField.h(1,1): warning C4828: オフセット 0x127 から始まる、現在のソースの文字セット (コードページ 65001) では使用できない文字がファイルに含まれています。
  (ソース ファイル 'MapChipField.cpp' をコンパイルしています)
  
C:\Users\k023g\OneDrive\デスクトップ\AL3_0719\DirectXGame\MapChipField.h(1,1): warning C4828: オフセット 0x129 から始まる、現在のソースの文字セット (コードページ 65001) では使用できない文字がファイルに含まれています。
  (ソース ファイル 'MapChipField.cpp' をコンパイルしています)
  
C:\Users\k023g\OneDrive\デスクトップ\AL3_0719\DirectXGame\MapChipField.h(1,1): warning C4828: オフセット 0x12b から始まる、現在のソースの文字セット (コードページ 65001) では使用できない文字がファイルに含まれています。
  (ソース ファイル 'MapChipField.cpp' をコンパイルしています)
  
C:\Users\k023g\OneDrive\デスクトップ\AL3_0719\DirectXGame\MapChipField.h(1,1): warning C4828: オフセット 0x12d から始まる、現在のソースの文字セット (コードページ 65001) では使用できない文字がファイルに含まれています。
  (ソース ファイル 'MapChipField.cpp' をコンパイルしています)
  
C:\Users\k023g\OneDrive\デスクトップ\AL3_0719\DirectXGame\MapChipField.h(1,1): warning C4828: オフセット 0x130 から始まる、現在のソースの文字セット (コードページ 65001) では使用できない文字がファイルに含まれています。
  (ソース ファイル 'MapChipField.cpp' をコンパイルしています)
  
C:\Users\k023g\OneDrive\デスクトップ\AL3_0719\DirectXGame\MapChipField.h(1,1): warning C4828: オフセット 0x131 から始まる、現在のソースの文字セット (コードページ 65001) では使用できない文字がファイルに含まれています。
  (ソース ファイル 'MapChipField.cpp' をコンパイルしています)
  
C:\Users\k023g\OneDrive\デスクトップ\AL3_0719\DirectXGame\MapChipField.h(1,1): warning C4828: オフセット 0x135 から始まる、現在のソースの文字セット (コードページ 65001) では使用できない文字がファイルに含まれています。
  (ソース ファイル 'MapChipField.cpp' をコンパイルしています)
  
C:\Users\k023g\OneDrive\デスクトップ\AL3_0719\DirectXGame\MapChipField.h(1,1): warning C4828: オフセット 0x13e から始まる、現在のソースの文字セット (コードページ 65001) では使用できない文字がファイルに含まれています。
  (ソース ファイル 'MapChipField.cpp' をコンパイルしています)
  
C:\Users\k023g\OneDrive\デスクトップ\AL3_0719\DirectXGame\MapChipField.h(1,1): warning C4828: オフセット 0x13f から始まる、現在のソースの文字セット (コードページ 65001) では使用できない文字がファイルに含まれています。
  (ソース ファイル 'MapChipField.cpp' をコンパイルしています)
  
C:\Users\k023g\OneDrive\デスクトップ\AL3_0719\DirectXGame\MapChipField.h(1,1): warning C4828: オフセット 0x142 から始まる、現在のソースの文字セット (コードページ 65001) では使用できない文字がファイルに含まれています。
  (ソース ファイル 'MapChipField.cpp' をコンパイルしています)
  
C:\Users\k023g\OneDrive\デスクトップ\AL3_0719\DirectXGame\MapChipField.h(1,1): warning C4828: オフセット 0x143 から始まる、現在のソースの文字セット (コードページ 65001) では使用できない文字がファイルに含まれています。
  (ソース ファイル 'MapChipField.cpp' をコンパイルしています)
  
C:\Users\k023g\OneDrive\デスクトップ\AL3_0719\DirectXGame\MapChipField.h(1,1): warning C4828: オフセット 0x144 から始まる、現在のソースの文字セット (コードページ 65001) では使用できない文字がファイルに含まれています。
  (ソース ファイル 'MapChipField.cpp' をコンパイルしています)
  
C:\Users\k023g\OneDrive\デスクトップ\AL3_0719\DirectXGame\MapChipField.h(1,1): warning C4828: オフセット 0x16d から始まる、現在のソースの文字セット (コードページ 65001) では使用できない文字がファイルに含まれています。
  (ソース ファイル 'MapChipField.cpp' をコンパイルしています)
  
C:\Users\k023g\OneDrive\デスクトップ\AL3_0719\DirectXGame\MapChipField.h(1,1): warning C4828: オフセット 0x16e から始まる、現在のソースの文字セット (コードページ 65001) では使用できない文字がファイルに含まれています。
  (ソース ファイル 'MapChipField.cpp' をコンパイルしています)
  
C:\Users\k023g\OneDrive\デスクトップ\AL3_0719\DirectXGame\MapChipField.h(1,1): warning C4828: オフセット 0x17f から始まる、現在のソースの文字セット (コードページ 65001) では使用できない文字がファイルに含まれています。
  (ソース ファイル 'MapChipField.cpp' をコンパイルしています)
  
C:\Users\k023g\OneDrive\デスクトップ\AL3_0719\DirectXGame\MapChipField.h(1,1): warning C4828: オフセット 0x181 から始まる、現在のソースの文字セット (コードページ 65001) では使用できない文字がファイルに含まれています。
  (ソース ファイル 'MapChipField.cpp' をコンパイルしています)
  
C:\Users\k023g\OneDrive\デスクトップ\AL3_0719\DirectXGame\MapChipField.h(1,1): warning C4828: オフセット 0x182 から始まる、現在のソースの文字セット (コードページ 65001) では使用できない文字がファイルに含まれています。
  (ソース ファイル 'MapChipField.cpp' をコンパイルしています)
  
C:\Users\k023g\OneDrive\デスクトップ\AL3_0719\DirectXGame\MapChipField.h(1,1): warning C4828: オフセット 0x183 から始まる、現在のソースの文字セット (コードページ 65001) では使用できない文字がファイルに含まれています。
  (ソース ファイル 'MapChipField.cpp' をコンパイルしています)
  
C:\Users\k023g\OneDrive\デスクトップ\AL3_0719\DirectXGame\MapChipField.h(1,1): warning C4828: オフセット 0x185 から始まる、現在のソースの文字セット (コードページ 65001) では使用できない文字がファイルに含まれています。
  (ソース ファイル 'MapChipField.cpp' をコンパイルしています)
  
C:\Users\k023g\OneDrive\デスクトップ\AL3_0719\DirectXGame\MapChipField.h(1,1): warning C4828: オフセット 0x1ec から始まる、現在のソースの文字セット (コードページ 65001) では使用できない文字がファイルに含まれています。
  (ソース ファイル 'MapChipField.cpp' をコンパイルしています)
  
C:\Users\k023g\OneDrive\デスクトップ\AL3_0719\DirectXGame\MapChipField.h(1,1): warning C4828: オフセット 0x1ee から始まる、現在のソースの文字セット (コードページ 65001) では使用できない文字がファイルに含まれています。
  (ソース ファイル 'MapChipField.cpp' をコンパイルしています)
  
C:\Users\k023g\OneDrive\デスクトップ\AL3_0719\DirectXGame\MapChipField.h(1,1): warning C4828: オフセット 0x1f0 から始まる、現在のソースの文字セット (コードページ 65001) では使用できない文字がファイルに含まれています。
  (ソース ファイル 'MapChipField.cpp' をコンパイルしています)
  
C:\Users\k023g\OneDrive\デスクトップ\AL3_0719\DirectXGame\MapChipField.h(1,1): warning C4828: オフセット 0x1f2 から始まる、現在のソースの文字セット (コードページ 65001) では使用できない文字がファイルに含まれています。
  (ソース ファイル 'MapChipField.cpp' をコンパイルしています)
  
C:\Users\k023g\OneDrive\デスクトップ\AL3_0719\DirectXGame\MapChipField.h(1,1): warning C4828: オフセット 0x1f4 から始まる、現在のソースの文字セット (コードページ 65001) では使用できない文字がファイルに含まれています。
  (ソース ファイル 'MapChipField.cpp' をコンパイルしています)
  
C:\Users\k023g\OneDrive\デスクトップ\AL3_0719\DirectXGame\MapChipField.h(1,1): warning C4828: オフセット 0x1f6 から始まる、現在のソースの文字セット (コードページ 65001) では使用できない文字がファイルに含まれています。
  (ソース ファイル 'MapChipField.cpp' をコンパイルしています)
  
C:\Users\k023g\OneDrive\デスクトップ\AL3_0719\DirectXGame\MapChipField.h(1,1): warning C4828: オフセット 0x1f8 から始まる、現在のソースの文字セット (コードページ 65001) では使用できない文字がファイルに含まれています。
  (ソース ファイル 'MapChipField.cpp' をコンパイルしています)
  
C:\Users\k023g\OneDrive\デスクトップ\AL3_0719\DirectXGame\MapChipField.h(1,1): warning C4828: オフセット 0x1fa から始まる、現在のソースの文字セット (コードページ 65001) では使用できない文字がファイルに含まれています。
  (ソース ファイル 'MapChipField.cpp' をコンパイルしています)
  
C:\Users\k023g\OneDrive\デスクトップ\AL3_0719\DirectXGame\MapChipField.h(1,1): warning C4828: オフセット 0x1fc から始まる、現在のソースの文字セット (コードページ 65001) では使用できない文字がファイルに含まれています。
  (ソース ファイル 'MapChipField.cpp' をコンパイルしています)
  
C:\Users\k023g\OneDrive\デスクトップ\AL3_0719\DirectXGame\MapChipField.h(1,1): warning C4828: オフセット 0x1fe から始まる、現在のソースの文字セット (コードページ 65001) では使用できない文字がファイルに含まれています。
  (ソース ファイル 'MapChipField.cpp' をコンパイルしています)
  
C:\Users\k023g\OneDrive\デスクトップ\AL3_0719\DirectXGame\MapChipField.h(1,1): warning C4828: オフセット 0x1ff から始まる、現在のソースの文字セット (コードページ 65001) では使用できない文字がファイルに含まれています。
  (ソース ファイル 'MapChipField.cpp' をコンパイルしています)
  
C:\Users\k023g\OneDrive\デスクトップ\AL3_0719\DirectXGame\MapChipField.h(1,1): warning C4828: オフセット 0x200 から始まる、現在のソースの文字セット (コードページ 65001) では使用できない文字がファイルに含まれています。
  (ソース ファイル 'MapChipField.cpp' をコンパイルしています)
  
C:\Users\k023g\OneDrive\デスクトップ\AL3_0719\DirectXGame\MapChipField.h(1,1): warning C4828: オフセット 0x367 から始まる、現在のソースの文字セット (コードページ 65001) では使用できない文字がファイルに含まれています。
  (ソース ファイル 'MapChipField.cpp' をコンパイルしています)
  
C:\Users\k023g\OneDrive\デスクトップ\AL3_0719\DirectXGame\MapChipField.h(1,1): warning C4828: オフセット 0x369 から始まる、現在のソースの文字セット (コードページ 65001) では使用できない文字がファイルに含まれています。
  (ソース ファイル 'MapChipField.cpp' をコンパイルしています)
  
C:\Users\k023g\OneDrive\デスクトップ\AL3_0719\DirectXGame\MapChipField.h(1,1): warning C4828: オフセット 0x36a から始まる、現在のソースの文字セット (コードページ 65001) では使用できない文字がファイルに含まれています。
  (ソース ファイル 'MapChipField.cpp' をコンパイルしています)
  
C:\Users\k023g\OneDrive\デスクトップ\AL3_0719\DirectXGame\MapChipField.h(1,1): warning C4828: オフセット 0x36b から始まる、現在のソースの文字セット (コードページ 65001) では使用できない文字がファイルに含まれています。
  (ソース ファイル 'MapChipField.cpp' をコンパイルしています)
  
C:\Users\k023g\OneDrive\デスクトップ\AL3_0719\DirectXGame\MapChipField.h(1,1): warning C4828: オフセット 0x36d から始まる、現在のソースの文字セット (コードページ 65001) では使用できない文字がファイルに含まれています。
  (ソース ファイル 'MapChipField.cpp' をコンパイルしています)
  
C:\Users\k023g\OneDrive\デスクトップ\AL3_0719\DirectXGame\MapChipField.h(1,1): warning C4828: オフセット 0x36f から始まる、現在のソースの文字セット (コードページ 65001) では使用できない文字がファイルに含まれています。
  (ソース ファイル 'MapChipField.cpp' をコンパイルしています)
  
C:\Users\k023g\OneDrive\デスクトップ\AL3_0719\DirectXGame\MapChipField.h(1,1): warning C4828: オフセット 0x373 から始まる、現在のソースの文字セット (コードページ 65001) では使用できない文字がファイルに含まれています。
  (ソース ファイル 'MapChipField.cpp' をコンパイルしています)
  
C:\Users\k023g\OneDrive\デスクトップ\AL3_0719\DirectXGame\MapChipField.h(1,1): warning C4828: オフセット 0x375 から始まる、現在のソースの文字セット (コードページ 65001) では使用できない文字がファイルに含まれています。
  (ソース ファイル 'MapChipField.cpp' をコンパイルしています)
  
C:\Users\k023g\OneDrive\デスクトップ\AL3_0719\DirectXGame\MapChipField.h(1,1): warning C4828: オフセット 0x3de から始まる、現在のソースの文字セット (コードページ 65001) では使用できない文字がファイルに含まれています。
  (ソース ファイル 'MapChipField.cpp' をコンパイルしています)
  
C:\Users\k023g\OneDrive\デスクトップ\AL3_0719\DirectXGame\MapChipField.h(1,1): warning C4828: オフセット 0x3e0 から始まる、現在のソースの文字セット (コードページ 65001) では使用できない文字がファイルに含まれています。
  (ソース ファイル 'MapChipField.cpp' をコンパイルしています)
  
C:\Users\k023g\OneDrive\デスクトップ\AL3_0719\DirectXGame\MapChipField.h(1,1): warning C4828: オフセット 0x3e1 から始まる、現在のソースの文字セット (コードページ 65001) では使用できない文字がファイルに含まれています。
  (ソース ファイル 'MapChipField.cpp' をコンパイルしています)
  
C:\Users\k023g\OneDrive\デスクトップ\AL3_0719\DirectXGame\MapChipField.h(1,1): warning C4828: オフセット 0x3e2 から始まる、現在のソースの文字セット (コードページ 65001) では使用できない文字がファイルに含まれています。
  (ソース ファイル 'MapChipField.cpp' をコンパイルしています)
  
C:\Users\k023g\OneDrive\デスクトップ\AL3_0719\DirectXGame\MapChipField.h(1,1): warning C4828: オフセット 0x3e4 から始まる、現在のソースの文字セット (コードページ 65001) では使用できない文字がファイルに含まれています。
  (ソース ファイル 'MapChipField.cpp' をコンパイルしています)
  
C:\Users\k023g\OneDrive\デスクトップ\AL3_0719\DirectXGame\MapChipField.h(1,1): warning C4828: オフセット 0x3e6 から始まる、現在のソースの文字セット (コードページ 65001) では使用できない文字がファイルに含まれています。
  (ソース ファイル 'MapChipField.cpp' をコンパイルしています)
  
C:\Users\k023g\OneDrive\デスクトップ\AL3_0719\DirectXGame\MapChipField.h(1,1): warning C4828: オフセット 0x3eb から始まる、現在のソースの文字セット (コードページ 65001) では使用できない文字がファイルに含まれています。
  (ソース ファイル 'MapChipField.cpp' をコンパイルしています)
  
C:\Users\k023g\OneDrive\デスクトップ\AL3_0719\DirectXGame\MapChipField.h(26,33): error C2039: 'string': 'std' のメンバーではありません
  (ソース ファイル 'MapChipField.cpp' をコンパイルしています)
  C:\Program Files\Microsoft Visual Studio\2022\Community\VC\Tools\MSVC\14.39.33519\include\vector(25,1):
  'std' の宣言を確認してください
  
C:\Users\k023g\OneDrive\デスクトップ\AL3_0719\DirectXGame\MapChipField.h(26,39): error C4430: 型指定子がありません - int と仮定しました。メモ: C++ は int を既定値としてサポートしていません
  (ソース ファイル 'MapChipField.cpp' をコンパイルしています)
  
C:\Users\k023g\OneDrive\デスクトップ\AL3_0719\DirectXGame\MapChipField.h(26,39): error C2143: 構文エラー: ',' が '&' の前にありません。
  (ソース ファイル 'MapChipField.cpp' をコンパイルしています)
  
C:\Users\k023g\OneDrive\デスクトップ\AL3_0719\DirectXGame\MapChipField.cpp(31,20): error C2511: 'void MapChipField::LoadMapChipCsv(const std::string &)': オーバーロードされたメンバー関数が 'MapChipField' にありません。
  C:\Users\k023g\OneDrive\デスクトップ\AL3_0719\DirectXGame\MapChipField.h(23,7):
  'MapChipField' の宣言を確認してください
  
C:\Users\k023g\OneDrive\デスクトップ\AL3_0719\DirectXGame\MapChipField.cpp(34,2): error C2352: 'MapChipField::ResetMapChipData': 非静的メンバー関数の呼び出しにはオブジェクトが必要です
  C:\Users\k023g\OneDrive\デスクトップ\AL3_0719\DirectXGame\MapChipField.cpp(19,20):
  'MapChipField::ResetMapChipData' の宣言を確認してください
  
C:\Users\k023g\OneDrive\デスクトップ\AL3_0719\DirectXGame\MapChipField.h(1,1): error C2220: 次の警告はエラーとして処理されます
  (ソース ファイル 'scene/GameScene.cpp' をコンパイルしています)
  
C:\Users\k023g\OneDrive\デスクトップ\AL3_0719\DirectXGame\MapChipField.h(1,1): warning C4828: オフセット 0x51 から始まる、現在のソースの文字セット (コードページ 65001) では使用できない文字がファイルに含まれています。
  (ソース ファイル 'scene/GameScene.cpp' をコンパイルしています)
  
C:\Users\k023g\OneDrive\デスクトップ\AL3_0719\DirectXGame\MapChipField.h(1,1): warning C4828: オフセット 0x53 から始まる、現在のソースの文字セット (コードページ 65001) では使用できない文字がファイルに含まれています。
  (ソース ファイル 'scene/GameScene.cpp' をコンパイルしています)
  
C:\Users\k023g\OneDrive\デスクトップ\AL3_0719\DirectXGame\MapChipField.h(1,1): warning C4828: オフセット 0x54 から始まる、現在のソースの文字セット (コードページ 65001) では使用できない文字がファイルに含まれています。
  (ソース ファイル 'scene/GameScene.cpp' をコンパイルしています)
  
C:\Users\k023g\OneDrive\デスクトップ\AL3_0719\DirectXGame\MapChipField.h(1,1): warning C4828: オフセット 0x55 から始まる、現在のソースの文字セット (コードページ 65001) では使用できない文字がファイルに含まれています。
  (ソース ファイル 'scene/GameScene.cpp' をコンパイルしています)
  
C:\Users\k023g\OneDrive\デスクトップ\AL3_0719\DirectXGame\MapChipField.h(1,1): warning C4828: オフセット 0x57 から始まる、現在のソースの文字セット (コードページ 65001) では使用できない文字がファイルに含まれています。
  (ソース ファイル 'scene/GameScene.cpp' をコンパイルしています)
  
C:\Users\k023g\OneDrive\デスクトップ\AL3_0719\DirectXGame\MapChipField.h(1,1): warning C4828: オフセット 0x60 から始まる、現在のソースの文字セット (コードページ 65001) では使用できない文字がファイルに含まれています。
  (ソース ファイル 'scene/GameScene.cpp' をコンパイルしています)
  
C:\Users\k023g\OneDrive\デスクトップ\AL3_0719\DirectXGame\MapChipField.h(1,1): warning C4828: オフセット 0x63 から始まる、現在のソースの文字セット (コードページ 65001) では使用できない文字がファイルに含まれています。
  (ソース ファイル 'scene/GameScene.cpp' をコンパイルしています)
  
C:\Users\k023g\OneDrive\デスクトップ\AL3_0719\DirectXGame\MapChipField.h(1,1): warning C4828: オフセット 0x64 から始まる、現在のソースの文字セット (コードページ 65001) では使用できない文字がファイルに含まれています。
  (ソース ファイル 'scene/GameScene.cpp' をコンパイルしています)
  
C:\Users\k023g\OneDrive\デスクトップ\AL3_0719\DirectXGame\MapChipField.h(1,1): warning C4828: オフセット 0x6f から始まる、現在のソースの文字セット (コードページ 65001) では使用できない文字がファイルに含まれています。
  (ソース ファイル 'scene/GameScene.cpp' をコンパイルしています)
  
C:\Users\k023g\OneDrive\デスクトップ\AL3_0719\DirectXGame\MapChipField.h(1,1): warning C4828: オフセット 0x74 から始まる、現在のソースの文字セット (コードページ 65001) では使用できない文字がファイルに含まれています。
  (ソース ファイル 'scene/GameScene.cpp' をコンパイルしています)
  
C:\Users\k023g\OneDrive\デスクトップ\AL3_0719\DirectXGame\MapChipField.h(1,1): warning C4828: オフセット 0x75 から始まる、現在のソースの文字セット (コードページ 65001) では使用できない文字がファイルに含まれています。
  (ソース ファイル 'scene/GameScene.cpp' をコンパイルしています)
  
C:\Users\k023g\OneDrive\デスクトップ\AL3_0719\DirectXGame\MapChipField.h(1,1): warning C4828: オフセット 0x78 から始まる、現在のソースの文字セット (コードページ 65001) では使用できない文字がファイルに含まれています。
  (ソース ファイル 'scene/GameScene.cpp' をコンパイルしています)
  
C:\Users\k023g\OneDrive\デスクトップ\AL3_0719\DirectXGame\MapChipField.h(1,1): warning C4828: オフセット 0x79 から始まる、現在のソースの文字セット (コードページ 65001) では使用できない文字がファイルに含まれています。
  (ソース ファイル 'scene/GameScene.cpp' をコンパイルしています)
  
C:\Users\k023g\OneDrive\デスクトップ\AL3_0719\DirectXGame\MapChipField.h(1,1): warning C4828: オフセット 0x7b から始まる、現在のソースの文字セット (コードページ 65001) では使用できない文字がファイルに含まれています。
  (ソース ファイル 'scene/GameScene.cpp' をコンパイルしています)
  
C:\Users\k023g\OneDrive\デスクトップ\AL3_0719\DirectXGame\MapChipField.h(1,1): warning C4828: オフセット 0x7c から始まる、現在のソースの文字セット (コードページ 65001) では使用できない文字がファイルに含まれています。
  (ソース ファイル 'scene/GameScene.cpp' をコンパイルしています)
  
C:\Users\k023g\OneDrive\デスクトップ\AL3_0719\DirectXGame\MapChipField.h(1,1): warning C4828: オフセット 0x7d から始まる、現在のソースの文字セット (コードページ 65001) では使用できない文字がファイルに含まれています。
  (ソース ファイル 'scene/GameScene.cpp' をコンパイルしています)
  
C:\Users\k023g\OneDrive\デスクトップ\AL3_0719\DirectXGame\MapChipField.h(1,1): warning C4828: オフセット 0x7e から始まる、現在のソースの文字セット (コードページ 65001) では使用できない文字がファイルに含まれています。
  (ソース ファイル 'scene/GameScene.cpp' をコンパイルしています)
  
C:\Users\k023g\OneDrive\デスクトップ\AL3_0719\DirectXGame\MapChipField.h(1,1): warning C4828: オフセット 0x7f から始まる、現在のソースの文字セット (コードページ 65001) では使用できない文字がファイルに含まれています。
  (ソース ファイル 'scene/GameScene.cpp' をコンパイルしています)
  
C:\Users\k023g\OneDrive\デスクトップ\AL3_0719\DirectXGame\MapChipField.h(1,1): warning C4828: オフセット 0x80 から始まる、現在のソースの文字セット (コードページ 65001) では使用できない文字がファイルに含まれています。
  (ソース ファイル 'scene/GameScene.cpp' をコンパイルしています)
  
C:\Users\k023g\OneDrive\デスクトップ\AL3_0719\DirectXGame\MapChipField.h(1,1): warning C4828: オフセット 0x83 から始まる、現在のソースの文字セット (コードページ 65001) では使用できない文字がファイルに含まれています。
  (ソース ファイル 'scene/GameScene.cpp' をコンパイルしています)
  
C:\Users\k023g\OneDrive\デスクトップ\AL3_0719\DirectXGame\MapChipField.h(1,1): warning C4828: オフセット 0x84 から始まる、現在のソースの文字セット (コードページ 65001) では使用できない文字がファイルに含まれています。
  (ソース ファイル 'scene/GameScene.cpp' をコンパイルしています)
  
C:\Users\k023g\OneDrive\デスクトップ\AL3_0719\DirectXGame\MapChipField.h(1,1): warning C4828: オフセット 0x85 から始まる、現在のソースの文字セット (コードページ 65001) では使用できない文字がファイルに含まれています。
  (ソース ファイル 'scene/GameScene.cpp' をコンパイルしています)
  
C:\Users\k023g\OneDrive\デスクトップ\AL3_0719\DirectXGame\MapChipField.h(1,1): warning C4828: オフセット 0x96 から始まる、現在のソースの文字セット (コードページ 65001) では使用できない文字がファイルに含まれています。
  (ソース ファイル 'scene/GameScene.cpp' をコンパイルしています)
  
C:\Users\k023g\OneDrive\デスクトップ\AL3_0719\DirectXGame\MapChipField.h(1,1): warning C4828: オフセット 0x9e から始まる、現在のソースの文字セット (コードページ 65001) では使用できない文字がファイルに含まれています。
  (ソース ファイル 'scene/GameScene.cpp' をコンパイルしています)
  
C:\Users\k023g\OneDrive\デスクトップ\AL3_0719\DirectXGame\MapChipField.h(1,1): warning C4828: オフセット 0xa6 から始まる、現在のソースの文字セット (コードページ 65001) では使用できない文字がファイルに含まれています。
  (ソース ファイル 'scene/GameScene.cpp' をコンパイルしています)
  
C:\Users\k023g\OneDrive\デスクトップ\AL3_0719\DirectXGame\MapChipField.h(1,1): warning C4828: オフセット 0xa9 から始まる、現在のソースの文字セット (コードページ 65001) では使用できない文字がファイルに含まれています。
  (ソース ファイル 'scene/GameScene.cpp' をコンパイルしています)
  
C:\Users\k023g\OneDrive\デスクトップ\AL3_0719\DirectXGame\MapChipField.h(1,1): warning C4828: オフセット 0xaa から始まる、現在のソースの文字セット (コードページ 65001) では使用できない文字がファイルに含まれています。
  (ソース ファイル 'scene/GameScene.cpp' をコンパイルしています)
  
C:\Users\k023g\OneDrive\デスクトップ\AL3_0719\DirectXGame\MapChipField.h(1,1): warning C4828: オフセット 0xab から始まる、現在のソースの文字セット (コードページ 65001) では使用できない文字がファイルに含まれています。
  (ソース ファイル 'scene/GameScene.cpp' をコンパイルしています)
  
C:\Users\k023g\OneDrive\デスクトップ\AL3_0719\DirectXGame\MapChipField.h(1,1): warning C4828: オフセット 0xac から始まる、現在のソースの文字セット (コードページ 65001) では使用できない文字がファイルに含まれています。
  (ソース ファイル 'scene/GameScene.cpp' をコンパイルしています)
  
C:\Users\k023g\OneDrive\デスクトップ\AL3_0719\DirectXGame\MapChipField.h(1,1): warning C4828: オフセット 0xae から始まる、現在のソースの文字セット (コードページ 65001) では使用できない文字がファイルに含まれています。
  (ソース ファイル 'scene/GameScene.cpp' をコンパイルしています)
  
C:\Users\k023g\OneDrive\デスクトップ\AL3_0719\DirectXGame\MapChipField.h(1,1): warning C4828: オフセット 0xb3 から始まる、現在のソースの文字セット (コードページ 65001) では使用できない文字がファイルに含まれています。
  (ソース ファイル 'scene/GameScene.cpp' をコンパイルしています)
  
C:\Users\k023g\OneDrive\デスクトップ\AL3_0719\DirectXGame\MapChipField.h(1,1): warning C4828: オフセット 0xb4 から始まる、現在のソースの文字セット (コードページ 65001) では使用できない文字がファイルに含まれています。
  (ソース ファイル 'scene/GameScene.cpp' をコンパイルしています)
  
C:\Users\k023g\OneDrive\デスクトップ\AL3_0719\DirectXGame\MapChipField.h(1,1): warning C4828: オフセット 0xb5 から始まる、現在のソースの文字セット (コードページ 65001) では使用できない文字がファイルに含まれています。
  (ソース ファイル 'scene/GameScene.cpp' をコンパイルしています)
  
C:\Users\k023g\OneDrive\デスクトップ\AL3_0719\DirectXGame\MapChipField.h(1,1): warning C4828: オフセット 0xb6 から始まる、現在のソースの文字セット (コードページ 65001) では使用できない文字がファイルに含まれています。
  (ソース ファイル 'scene/GameScene.cpp' をコンパイルしています)
  
C:\Users\k023g\OneDrive\デスクトップ\AL3_0719\DirectXGame\MapChipField.h(1,1): warning C4828: オフセット 0xba から始まる、現在のソースの文字セット (コードページ 65001) では使用できない文字がファイルに含まれています。
  (ソース ファイル 'scene/GameScene.cpp' をコンパイルしています)
  
C:\Users\k023g\OneDrive\デスクトップ\AL3_0719\DirectXGame\MapChipField.h(1,1): warning C4828: オフセット 0xc1 から始まる、現在のソースの文字セット (コードページ 65001) では使用できない文字がファイルに含まれています。
  (ソース ファイル 'scene/GameScene.cpp' をコンパイルしています)
  
C:\Users\k023g\OneDrive\デスクトップ\AL3_0719\DirectXGame\MapChipField.h(1,1): warning C4828: オフセット 0xc2 から始まる、現在のソースの文字セット (コードページ 65001) では使用できない文字がファイルに含まれています。
  (ソース ファイル 'scene/GameScene.cpp' をコンパイルしています)
  
C:\Users\k023g\OneDrive\デスクトップ\AL3_0719\DirectXGame\MapChipField.h(1,1): warning C4828: オフセット 0xc3 から始まる、現在のソースの文字セット (コードページ 65001) では使用できない文字がファイルに含まれています。
  (ソース ファイル 'scene/GameScene.cpp' をコンパイルしています)
  
C:\Users\k023g\OneDrive\デスクトップ\AL3_0719\DirectXGame\MapChipField.h(1,1): warning C4828: オフセット 0xc4 から始まる、現在のソースの文字セット (コードページ 65001) では使用できない文字がファイルに含まれています。
  (ソース ファイル 'scene/GameScene.cpp' をコンパイルしています)
  
C:\Users\k023g\OneDrive\デスクトップ\AL3_0719\DirectXGame\MapChipField.h(1,1): warning C4828: オフセット 0xc5 から始まる、現在のソースの文字セット (コードページ 65001) では使用できない文字がファイルに含まれています。
  (ソース ファイル 'scene/GameScene.cpp' をコンパイルしています)
  
C:\Users\k023g\OneDrive\デスクトップ\AL3_0719\DirectXGame\MapChipField.h(1,1): warning C4828: オフセット 0xc7 から始まる、現在のソースの文字セット (コードページ 65001) では使用できない文字がファイルに含まれています。
  (ソース ファイル 'scene/GameScene.cpp' をコンパイルしています)
  
C:\Users\k023g\OneDrive\デスクトップ\AL3_0719\DirectXGame\MapChipField.h(1,1): warning C4828: オフセット 0xcb から始まる、現在のソースの文字セット (コードページ 65001) では使用できない文字がファイルに含まれています。
  (ソース ファイル 'scene/GameScene.cpp' をコンパイルしています)
  
C:\Users\k023g\OneDrive\デスクトップ\AL3_0719\DirectXGame\MapChipField.h(1,1): warning C4828: オフセット 0xce から始まる、現在のソースの文字セット (コードページ 65001) では使用できない文字がファイルに含まれています。
  (ソース ファイル 'scene/GameScene.cpp' をコンパイルしています)
  
C:\Users\k023g\OneDrive\デスクトップ\AL3_0719\DirectXGame\MapChipField.h(1,1): warning C4828: オフセット 0xcf から始まる、現在のソースの文字セット (コードページ 65001) では使用できない文字がファイルに含まれています。
  (ソース ファイル 'scene/GameScene.cpp' をコンパイルしています)
  
C:\Users\k023g\OneDrive\デスクトップ\AL3_0719\DirectXGame\MapChipField.h(1,1): warning C4828: オフセット 0xd0 から始まる、現在のソースの文字セット (コードページ 65001) では使用できない文字がファイルに含まれています。
  (ソース ファイル 'scene/GameScene.cpp' をコンパイルしています)
  
C:\Users\k023g\OneDrive\デスクトップ\AL3_0719\DirectXGame\MapChipField.h(1,1): warning C4828: オフセット 0xd7 から始まる、現在のソースの文字セット (コードページ 65001) では使用できない文字がファイルに含まれています。
  (ソース ファイル 'scene/GameScene.cpp' をコンパイルしています)
  
C:\Users\k023g\OneDrive\デスクトップ\AL3_0719\DirectXGame\MapChipField.h(1,1): warning C4828: オフセット 0xd8 から始まる、現在のソースの文字セット (コードページ 65001) では使用できない文字がファイルに含まれています。
  (ソース ファイル 'scene/GameScene.cpp' をコンパイルしています)
  
C:\Users\k023g\OneDrive\デスクトップ\AL3_0719\DirectXGame\MapChipField.h(1,1): warning C4828: オフセット 0xdb から始まる、現在のソースの文字セット (コードページ 65001) では使用できない文字がファイルに含まれています。
  (ソース ファイル 'scene/GameScene.cpp' をコンパイルしています)
  
C:\Users\k023g\OneDrive\デスクトップ\AL3_0719\DirectXGame\MapChipField.h(1,1): warning C4828: オフセット 0xdd から始まる、現在のソースの文字セット (コードページ 65001) では使用できない文字がファイルに含まれています。
  (ソース ファイル 'scene/GameScene.cpp' をコンパイルしています)
  
C:\Users\k023g\OneDrive\デスクトップ\AL3_0719\DirectXGame\MapChipField.h(1,1): warning C4828: オフセット 0xde から始まる、現在のソースの文字セット (コードページ 65001) では使用できない文字がファイルに含まれています。
  (ソース ファイル 'scene/GameScene.cpp' をコンパイルしています)
  
C:\Users\k023g\OneDrive\デスクトップ\AL3_0719\DirectXGame\MapChipField.h(1,1): warning C4828: オフセット 0xdf から始まる、現在のソースの文字セット (コードページ 65001) では使用できない文字がファイルに含まれています。
  (ソース ファイル 'scene/GameScene.cpp' をコンパイルしています)
  
C:\Users\k023g\OneDrive\デスクトップ\AL3_0719\DirectXGame\MapChipField.h(1,1): warning C4828: オフセット 0xe0 から始まる、現在のソースの文字セット (コードページ 65001) では使用できない文字がファイルに含まれています。
  (ソース ファイル 'scene/GameScene.cpp' をコンパイルしています)
  
C:\Users\k023g\OneDrive\デスクトップ\AL3_0719\DirectXGame\MapChipField.h(1,1): warning C4828: オフセット 0xe1 から始まる、現在のソースの文字セット (コードページ 65001) では使用できない文字がファイルに含まれています。
  (ソース ファイル 'scene/GameScene.cpp' をコンパイルしています)
  
C:\Users\k023g\OneDrive\デスクトップ\AL3_0719\DirectXGame\MapChipField.h(1,1): warning C4828: オフセット 0xe2 から始まる、現在のソースの文字セット (コードページ 65001) では使用できない文字がファイルに含まれています。
  (ソース ファイル 'scene/GameScene.cpp' をコンパイルしています)
  
C:\Users\k023g\OneDrive\デスクトップ\AL3_0719\DirectXGame\MapChipField.h(1,1): warning C4828: オフセット 0xe5 から始まる、現在のソースの文字セット (コードページ 65001) では使用できない文字がファイルに含まれています。
  (ソース ファイル 'scene/GameScene.cpp' をコンパイルしています)
  
C:\Users\k023g\OneDrive\デスクトップ\AL3_0719\DirectXGame\MapChipField.h(1,1): warning C4828: オフセット 0xe6 から始まる、現在のソースの文字セット (コードページ 65001) では使用できない文字がファイルに含まれています。
  (ソース ファイル 'scene/GameScene.cpp' をコンパイルしています)
  
C:\Users\k023g\OneDrive\デスクトップ\AL3_0719\DirectXGame\MapChipField.h(1,1): warning C4828: オフセット 0xe7 から始まる、現在のソースの文字セット (コードページ 65001) では使用できない文字がファイルに含まれています。
  (ソース ファイル 'scene/GameScene.cpp' をコンパイルしています)
  
C:\Users\k023g\OneDrive\デスクトップ\AL3_0719\DirectXGame\MapChipField.h(1,1): warning C4828: オフセット 0xf8 から始まる、現在のソースの文字セット (コードページ 65001) では使用できない文字がファイルに含まれています。
  (ソース ファイル 'scene/GameScene.cpp' をコンパイルしています)
  
C:\Users\k023g\OneDrive\デスクトップ\AL3_0719\DirectXGame\MapChipField.h(1,1): warning C4828: オフセット 0xf9 から始まる、現在のソースの文字セット (コードページ 65001) では使用できない文字がファイルに含まれています。
  (ソース ファイル 'scene/GameScene.cpp' をコンパイルしています)
  
C:\Users\k023g\OneDrive\デスクトップ\AL3_0719\DirectXGame\MapChipField.h(1,1): warning C4828: オフセット 0xfe から始まる、現在のソースの文字セット (コードページ 65001) では使用できない文字がファイルに含まれています。
  (ソース ファイル 'scene/GameScene.cpp' をコンパイルしています)
  
C:\Users\k023g\OneDrive\デスクトップ\AL3_0719\DirectXGame\MapChipField.h(1,1): warning C4828: オフセット 0x100 から始まる、現在のソースの文字セット (コードページ 65001) では使用できない文字がファイルに含まれています。
  (ソース ファイル 'scene/GameScene.cpp' をコンパイルしています)
  
C:\Users\k023g\OneDrive\デスクトップ\AL3_0719\DirectXGame\MapChipField.h(1,1): warning C4828: オフセット 0x103 から始まる、現在のソースの文字セット (コードページ 65001) では使用できない文字がファイルに含まれています。
  (ソース ファイル 'scene/GameScene.cpp' をコンパイルしています)
  
C:\Users\k023g\OneDrive\デスクトップ\AL3_0719\DirectXGame\MapChipField.h(1,1): warning C4828: オフセット 0x104 から始まる、現在のソースの文字セット (コードページ 65001) では使用できない文字がファイルに含まれています。
  (ソース ファイル 'scene/GameScene.cpp' をコンパイルしています)
  
C:\Users\k023g\OneDrive\デスクトップ\AL3_0719\DirectXGame\MapChipField.h(1,1): warning C4828: オフセット 0x105 から始まる、現在のソースの文字セット (コードページ 65001) では使用できない文字がファイルに含まれています。
  (ソース ファイル 'scene/GameScene.cpp' をコンパイルしています)
  
C:\Users\k023g\OneDrive\デスクトップ\AL3_0719\DirectXGame\MapChipField.h(1,1): warning C4828: オフセット 0x10a から始まる、現在のソースの文字セット (コードページ 65001) では使用できない文字がファイルに含まれています。
  (ソース ファイル 'scene/GameScene.cpp' をコンパイルしています)
  
C:\Users\k023g\OneDrive\デスクトップ\AL3_0719\DirectXGame\MapChipField.h(1,1): warning C4828: オフセット 0x10c から始まる、現在のソースの文字セット (コードページ 65001) では使用できない文字がファイルに含まれています。
  (ソース ファイル 'scene/GameScene.cpp' をコンパイルしています)
  
C:\Users\k023g\OneDrive\デスクトップ\AL3_0719\DirectXGame\MapChipField.h(1,1): warning C4828: オフセット 0x10d から始まる、現在のソースの文字セット (コードページ 65001) では使用できない文字がファイルに含まれています。
  (ソース ファイル 'scene/GameScene.cpp' をコンパイルしています)
  
C:\Users\k023g\OneDrive\デスクトップ\AL3_0719\DirectXGame\MapChipField.h(1,1): warning C4828: オフセット 0x110 から始まる、現在のソースの文字セット (コードページ 65001) では使用できない文字がファイルに含まれています。
  (ソース ファイル 'scene/GameScene.cpp' をコンパイルしています)
  
C:\Users\k023g\OneDrive\デスクトップ\AL3_0719\DirectXGame\MapChipField.h(1,1): warning C4828: オフセット 0x111 から始まる、現在のソースの文字セット (コードページ 65001) では使用できない文字がファイルに含まれています。
  (ソース ファイル 'scene/GameScene.cpp' をコンパイルしています)
  
C:\Users\k023g\OneDrive\デスクトップ\AL3_0719\DirectXGame\MapChipField.h(1,1): warning C4828: オフセット 0x114 から始まる、現在のソースの文字セット (コードページ 65001) では使用できない文字がファイルに含まれています。
  (ソース ファイル 'scene/GameScene.cpp' をコンパイルしています)
  
C:\Users\k023g\OneDrive\デスクトップ\AL3_0719\DirectXGame\MapChipField.h(1,1): warning C4828: オフセット 0x117 から始まる、現在のソースの文字セット (コードページ 65001) では使用できない文字がファイルに含まれています。
  (ソース ファイル 'scene/GameScene.cpp' をコンパイルしています)
  
C:\Users\k023g\OneDrive\デスクトップ\AL3_0719\DirectXGame\MapChipField.h(1,1): warning C4828: オフセット 0x118 から始まる、現在のソースの文字セット (コードページ 65001) では使用できない文字がファイルに含まれています。
  (ソース ファイル 'scene/GameScene.cpp' をコンパイルしています)
  
C:\Users\k023g\OneDrive\デスクトップ\AL3_0719\DirectXGame\MapChipField.h(1,1): warning C4828: オフセット 0x119 から始まる、現在のソースの文字セット (コードページ 65001) では使用できない文字がファイルに含まれています。
  (ソース ファイル 'scene/GameScene.cpp' をコンパイルしています)
  
C:\Users\k023g\OneDrive\デスクトップ\AL3_0719\DirectXGame\MapChipField.h(1,1): warning C4828: オフセット 0x121 から始まる、現在のソースの文字セット (コードページ 65001) では使用できない文字がファイルに含まれています。
  (ソース ファイル 'scene/GameScene.cpp' をコンパイルしています)
  
C:\Users\k023g\OneDrive\デスクトップ\AL3_0719\DirectXGame\MapChipField.h(1,1): warning C4828: オフセット 0x122 から始まる、現在のソースの文字セット (コードページ 65001) では使用できない文字がファイルに含まれています。
  (ソース ファイル 'scene/GameScene.cpp' をコンパイルしています)
  
C:\Users\k023g\OneDrive\デスクトップ\AL3_0719\DirectXGame\MapChipField.h(1,1): warning C4828: オフセット 0x123 から始まる、現在のソースの文字セット (コードページ 65001) では使用できない文字がファイルに含まれています。
  (ソース ファイル 'scene/GameScene.cpp' をコンパイルしています)
  
C:\Users\k023g\OneDrive\デスクトップ\AL3_0719\DirectXGame\MapChipField.h(1,1): warning C4828: オフセット 0x127 から始まる、現在のソースの文字セット (コードページ 65001) では使用できない文字がファイルに含まれています。
  (ソース ファイル 'scene/GameScene.cpp' をコンパイルしています)
  
C:\Users\k023g\OneDrive\デスクトップ\AL3_0719\DirectXGame\MapChipField.h(1,1): warning C4828: オフセット 0x129 から始まる、現在のソースの文字セット (コードページ 65001) では使用できない文字がファイルに含まれています。
  (ソース ファイル 'scene/GameScene.cpp' をコンパイルしています)
  
C:\Users\k023g\OneDrive\デスクトップ\AL3_0719\DirectXGame\MapChipField.h(1,1): warning C4828: オフセット 0x12b から始まる、現在のソースの文字セット (コードページ 65001) では使用できない文字がファイルに含まれています。
  (ソース ファイル 'scene/GameScene.cpp' をコンパイルしています)
  
C:\Users\k023g\OneDrive\デスクトップ\AL3_0719\DirectXGame\MapChipField.h(1,1): warning C4828: オフセット 0x12d から始まる、現在のソースの文字セット (コードページ 65001) では使用できない文字がファイルに含まれています。
  (ソース ファイル 'scene/GameScene.cpp' をコンパイルしています)
  
C:\Users\k023g\OneDrive\デスクトップ\AL3_0719\DirectXGame\MapChipField.h(1,1): warning C4828: オフセット 0x130 から始まる、現在のソースの文字セット (コードページ 65001) では使用できない文字がファイルに含まれています。
  (ソース ファイル 'scene/GameScene.cpp' をコンパイルしています)
  
C:\Users\k023g\OneDrive\デスクトップ\AL3_0719\DirectXGame\MapChipField.h(1,1): warning C4828: オフセット 0x131 から始まる、現在のソースの文字セット (コードページ 65001) では使用できない文字がファイルに含まれています。
  (ソース ファイル 'scene/GameScene.cpp' をコンパイルしています)
  
C:\Users\k023g\OneDrive\デスクトップ\AL3_0719\DirectXGame\MapChipField.h(1,1): warning C4828: オフセット 0x135 から始まる、現在のソースの文字セット (コードページ 65001) では使用できない文字がファイルに含まれています。
  (ソース ファイル 'scene/GameScene.cpp' をコンパイルしています)
  
C:\Users\k023g\OneDrive\デスクトップ\AL3_0719\DirectXGame\MapChipField.h(1,1): warning C4828: オフセット 0x13e から始まる、現在のソースの文字セット (コードページ 65001) では使用できない文字がファイルに含まれています。
  (ソース ファイル 'scene/GameScene.cpp' をコンパイルしています)
  
C:\Users\k023g\OneDrive\デスクトップ\AL3_0719\DirectXGame\MapChipField.h(1,1): warning C4828: オフセット 0x13f から始まる、現在のソースの文字セット (コードページ 65001) では使用できない文字がファイルに含まれています。
  (ソース ファイル 'scene/GameScene.cpp' をコンパイルしています)
  
C:\Users\k023g\OneDrive\デスクトップ\AL3_0719\DirectXGame\MapChipField.h(1,1): warning C4828: オフセット 0x142 から始まる、現在のソースの文字セット (コードページ 65001) では使用できない文字がファイルに含まれています。
  (ソース ファイル 'scene/GameScene.cpp' をコンパイルしています)
  
C:\Users\k023g\OneDrive\デスクトップ\AL3_0719\DirectXGame\MapChipField.h(1,1): warning C4828: オフセット 0x143 から始まる、現在のソースの文字セット (コードページ 65001) では使用できない文字がファイルに含まれています。
  (ソース ファイル 'scene/GameScene.cpp' をコンパイルしています)
  
C:\Users\k023g\OneDrive\デスクトップ\AL3_0719\DirectXGame\MapChipField.h(1,1): warning C4828: オフセット 0x144 から始まる、現在のソースの文字セット (コードページ 65001) では使用できない文字がファイルに含まれています。
  (ソース ファイル 'scene/GameScene.cpp' をコンパイルしています)
  
C:\Users\k023g\OneDrive\デスクトップ\AL3_0719\DirectXGame\MapChipField.h(1,1): warning C4828: オフセット 0x16d から始まる、現在のソースの文字セット (コードページ 65001) では使用できない文字がファイルに含まれています。
  (ソース ファイル 'scene/GameScene.cpp' をコンパイルしています)
  
C:\Users\k023g\OneDrive\デスクトップ\AL3_0719\DirectXGame\MapChipField.h(1,1): warning C4828: オフセット 0x16e から始まる、現在のソースの文字セット (コードページ 65001) では使用できない文字がファイルに含まれています。
  (ソース ファイル 'scene/GameScene.cpp' をコンパイルしています)
  
C:\Users\k023g\OneDrive\デスクトップ\AL3_0719\DirectXGame\MapChipField.h(1,1): warning C4828: オフセット 0x17f から始まる、現在のソースの文字セット (コードページ 65001) では使用できない文字がファイルに含まれています。
  (ソース ファイル 'scene/GameScene.cpp' をコンパイルしています)
  
C:\Users\k023g\OneDrive\デスクトップ\AL3_0719\DirectXGame\MapChipField.h(1,1): warning C4828: オフセット 0x181 から始まる、現在のソースの文字セット (コードページ 65001) では使用できない文字がファイルに含まれています。
  (ソース ファイル 'scene/GameScene.cpp' をコンパイルしています)
  
C:\Users\k023g\OneDrive\デスクトップ\AL3_0719\DirectXGame\MapChipField.h(1,1): warning C4828: オフセット 0x182 から始まる、現在のソースの文字セット (コードページ 65001) では使用できない文字がファイルに含まれています。
  (ソース ファイル 'scene/GameScene.cpp' をコンパイルしています)
  
C:\Users\k023g\OneDrive\デスクトップ\AL3_0719\DirectXGame\MapChipField.h(1,1): warning C4828: オフセット 0x183 から始まる、現在のソースの文字セット (コードページ 65001) では使用できない文字がファイルに含まれています。
  (ソース ファイル 'scene/GameScene.cpp' をコンパイルしています)
  
C:\Users\k023g\OneDrive\デスクトップ\AL3_0719\DirectXGame\MapChipField.h(1,1): warning C4828: オフセット 0x185 から始まる、現在のソースの文字セット (コードページ 65001) では使用できない文字がファイルに含まれています。
  (ソース ファイル 'scene/GameScene.cpp' をコンパイルしています)
  
C:\Users\k023g\OneDrive\デスクトップ\AL3_0719\DirectXGame\MapChipField.h(1,1): warning C4828: オフセット 0x1ec から始まる、現在のソースの文字セット (コードページ 65001) では使用できない文字がファイルに含まれています。
  (ソース ファイル 'scene/GameScene.cpp' をコンパイルしています)
  
C:\Users\k023g\OneDrive\デスクトップ\AL3_0719\DirectXGame\MapChipField.h(1,1): warning C4828: オフセット 0x1ee から始まる、現在のソースの文字セット (コードページ 65001) では使用できない文字がファイルに含まれています。
  (ソース ファイル 'scene/GameScene.cpp' をコンパイルしています)
  
C:\Users\k023g\OneDrive\デスクトップ\AL3_0719\DirectXGame\MapChipField.h(1,1): warning C4828: オフセット 0x1f0 から始まる、現在のソースの文字セット (コードページ 65001) では使用できない文字がファイルに含まれています。
  (ソース ファイル 'scene/GameScene.cpp' をコンパイルしています)
  
C:\Users\k023g\OneDrive\デスクトップ\AL3_0719\DirectXGame\MapChipField.h(1,1): warning C4828: オフセット 0x1f2 から始まる、現在のソースの文字セット (コードページ 65001) では使用できない文字がファイルに含まれています。
  (ソース ファイル 'scene/GameScene.cpp' をコンパイルしています)
  
C:\Users\k023g\OneDrive\デスクトップ\AL3_0719\DirectXGame\MapChipField.h(1,1): warning C4828: オフセット 0x1f4 から始まる、現在のソースの文字セット (コードページ 65001) では使用できない文字がファイルに含まれています。
  (ソース ファイル 'scene/GameScene.cpp' をコンパイルしています)
  
C:\Users\k023g\OneDrive\デスクトップ\AL3_0719\DirectXGame\MapChipField.h(1,1): warning C4828: オフセット 0x1f6 から始まる、現在のソースの文字セット (コードページ 65001) では使用できない文字がファイルに含まれています。
  (ソース ファイル 'scene/GameScene.cpp' をコンパイルしています)
  
C:\Users\k023g\OneDrive\デスクトップ\AL3_0719\DirectXGame\MapChipField.h(1,1): warning C4828: オフセット 0x1f8 から始まる、現在のソースの文字セット (コードページ 65001) では使用できない文字がファイルに含まれています。
  (ソース ファイル 'scene/GameScene.cpp' をコンパイルしています)
  
C:\Users\k023g\OneDrive\デスクトップ\AL3_0719\DirectXGame\MapChipField.h(1,1): warning C4828: オフセット 0x1fa から始まる、現在のソースの文字セット (コードページ 65001) では使用できない文字がファイルに含まれています。
  (ソース ファイル 'scene/GameScene.cpp' をコンパイルしています)
  
C:\Users\k023g\OneDrive\デスクトップ\AL3_0719\DirectXGame\MapChipField.h(1,1): warning C4828: オフセット 0x1fc から始まる、現在のソースの文字セット (コードページ 65001) では使用できない文字がファイルに含まれています。
  (ソース ファイル 'scene/GameScene.cpp' をコンパイルしています)
  
C:\Users\k023g\OneDrive\デスクトップ\AL3_0719\DirectXGame\MapChipField.h(1,1): warning C4828: オフセット 0x1fe から始まる、現在のソースの文字セット (コードページ 65001) では使用できない文字がファイルに含まれています。
  (ソース ファイル 'scene/GameScene.cpp' をコンパイルしています)
  
C:\Users\k023g\OneDrive\デスクトップ\AL3_0719\DirectXGame\MapChipField.h(1,1): warning C4828: オフセット 0x1ff から始まる、現在のソースの文字セット (コードページ 65001) では使用できない文字がファイルに含まれています。
  (ソース ファイル 'scene/GameScene.cpp' をコンパイルしています)
  
C:\Users\k023g\OneDrive\デスクトップ\AL3_0719\DirectXGame\MapChipField.h(1,1): warning C4828: オフセット 0x200 から始まる、現在のソースの文字セット (コードページ 65001) では使用できない文字がファイルに含まれています。
  (ソース ファイル 'scene/GameScene.cpp' をコンパイルしています)
  
C:\Users\k023g\OneDrive\デスクトップ\AL3_0719\DirectXGame\MapChipField.h(1,1): warning C4828: オフセット 0x367 から始まる、現在のソースの文字セット (コードページ 65001) では使用できない文字がファイルに含まれています。
  (ソース ファイル 'scene/GameScene.cpp' をコンパイルしています)
  
C:\Users\k023g\OneDrive\デスクトップ\AL3_0719\DirectXGame\MapChipField.h(1,1): warning C4828: オフセット 0x369 から始まる、現在のソースの文字セット (コードページ 65001) では使用できない文字がファイルに含まれています。
  (ソース ファイル 'scene/GameScene.cpp' をコンパイルしています)
  
C:\Users\k023g\OneDrive\デスクトップ\AL3_0719\DirectXGame\MapChipField.h(1,1): warning C4828: オフセット 0x36a から始まる、現在のソースの文字セット (コードページ 65001) では使用できない文字がファイルに含まれています。
  (ソース ファイル 'scene/GameScene.cpp' をコンパイルしています)
  
C:\Users\k023g\OneDrive\デスクトップ\AL3_0719\DirectXGame\MapChipField.h(1,1): warning C4828: オフセット 0x36b から始まる、現在のソースの文字セット (コードページ 65001) では使用できない文字がファイルに含まれています。
  (ソース ファイル 'scene/GameScene.cpp' をコンパイルしています)
  
C:\Users\k023g\OneDrive\デスクトップ\AL3_0719\DirectXGame\MapChipField.h(1,1): warning C4828: オフセット 0x36d から始まる、現在のソースの文字セット (コードページ 65001) では使用できない文字がファイルに含まれています。
  (ソース ファイル 'scene/GameScene.cpp' をコンパイルしています)
  
C:\Users\k023g\OneDrive\デスクトップ\AL3_0719\DirectXGame\MapChipField.h(1,1): warning C4828: オフセット 0x36f から始まる、現在のソースの文字セット (コードページ 65001) では使用できない文字がファイルに含まれています。
  (ソース ファイル 'scene/GameScene.cpp' をコンパイルしています)
  
C:\Users\k023g\OneDrive\デスクトップ\AL3_0719\DirectXGame\MapChipField.h(1,1): warning C4828: オフセット 0x373 から始まる、現在のソースの文字セット (コードページ 65001) では使用できない文字がファイルに含まれています。
  (ソース ファイル 'scene/GameScene.cpp' をコンパイルしています)
  
C:\Users\k023g\OneDrive\デスクトップ\AL3_0719\DirectXGame\MapChipField.h(1,1): warning C4828: オフセット 0x375 から始まる、現在のソースの文字セット (コードページ 65001) では使用できない文字がファイルに含まれています。
  (ソース ファイル 'scene/GameScene.cpp' をコンパイルしています)
  
C:\Users\k023g\OneDrive\デスクトップ\AL3_0719\DirectXGame\MapChipField.h(1,1): warning C4828: オフセット 0x3de から始まる、現在のソースの文字セット (コードページ 65001) では使用できない文字がファイルに含まれています。
  (ソース ファイル 'scene/GameScene.cpp' をコンパイルしています)
  
C:\Users\k023g\OneDrive\デスクトップ\AL3_0719\DirectXGame\MapChipField.h(1,1): warning C4828: オフセット 0x3e0 から始まる、現在のソースの文字セット (コードページ 65001) では使用できない文字がファイルに含まれています。
  (ソース ファイル 'scene/GameScene.cpp' をコンパイルしています)
  
C:\Users\k023g\OneDrive\デスクトップ\AL3_0719\DirectXGame\MapChipField.h(1,1): warning C4828: オフセット 0x3e1 から始まる、現在のソースの文字セット (コードページ 65001) では使用できない文字がファイルに含まれています。
  (ソース ファイル 'scene/GameScene.cpp' をコンパイルしています)
  
C:\Users\k023g\OneDrive\デスクトップ\AL3_0719\DirectXGame\MapChipField.h(1,1): warning C4828: オフセット 0x3e2 から始まる、現在のソースの文字セット (コードページ 65001) では使用できない文字がファイルに含まれています。
  (ソース ファイル 'scene/GameScene.cpp' をコンパイルしています)
  
C:\Users\k023g\OneDrive\デスクトップ\AL3_0719\DirectXGame\MapChipField.h(1,1): warning C4828: オフセット 0x3e4 から始まる、現在のソースの文字セット (コードページ 65001) では使用できない文字がファイルに含まれています。
  (ソース ファイル 'scene/GameScene.cpp' をコンパイルしています)
  
C:\Users\k023g\OneDrive\デスクトップ\AL3_0719\DirectXGame\MapChipField.h(1,1): warning C4828: オフセット 0x3e6 から始まる、現在のソースの文字セット (コードページ 65001) では使用できない文字がファイルに含まれています。
  (ソース ファイル 'scene/GameScene.cpp' をコンパイルしています)
  
C:\Users\k023g\OneDrive\デスクトップ\AL3_0719\DirectXGame\MapChipField.h(1,1): warning C4828: オフセット 0x3eb から始まる、現在のソースの文字セット (コードページ 65001) では使用できない文字がファイルに含まれています。
  (ソース ファイル 'scene/GameScene.cpp' をコンパイルしています)
  
C:\Users\k023g\OneDrive\デスクトップ\AL3_0719\DirectXGame\MapChipField.h(1,1): error C2220: 次の警告はエラーとして処理されます
  (ソース ファイル 'main.cpp' をコンパイルしています)
  
C:\Users\k023g\OneDrive\デスクトップ\AL3_0719\DirectXGame\MapChipField.h(1,1): warning C4828: オフセット 0x51 から始まる、現在のソースの文字セット (コードページ 65001) では使用できない文字がファイルに含まれています。
  (ソース ファイル 'main.cpp' をコンパイルしています)
  
C:\Users\k023g\OneDrive\デスクトップ\AL3_0719\DirectXGame\MapChipField.h(1,1): warning C4828: オフセット 0x53 から始まる、現在のソースの文字セット (コードページ 65001) では使用できない文字がファイルに含まれています。
  (ソース ファイル 'main.cpp' をコンパイルしています)
  
C:\Users\k023g\OneDrive\デスクトップ\AL3_0719\DirectXGame\MapChipField.h(1,1): warning C4828: オフセット 0x54 から始まる、現在のソースの文字セット (コードページ 65001) では使用できない文字がファイルに含まれています。
  (ソース ファイル 'main.cpp' をコンパイルしています)
  
C:\Users\k023g\OneDrive\デスクトップ\AL3_0719\DirectXGame\MapChipField.h(1,1): warning C4828: オフセット 0x55 から始まる、現在のソースの文字セット (コードページ 65001) では使用できない文字がファイルに含まれています。
  (ソース ファイル 'main.cpp' をコンパイルしています)
  
C:\Users\k023g\OneDrive\デスクトップ\AL3_0719\DirectXGame\MapChipField.h(1,1): warning C4828: オフセット 0x57 から始まる、現在のソースの文字セット (コードページ 65001) では使用できない文字がファイルに含まれています。
  (ソース ファイル 'main.cpp' をコンパイルしています)
  
C:\Users\k023g\OneDrive\デスクトップ\AL3_0719\DirectXGame\MapChipField.h(1,1): warning C4828: オフセット 0x60 から始まる、現在のソースの文字セット (コードページ 65001) では使用できない文字がファイルに含まれています。
  (ソース ファイル 'main.cpp' をコンパイルしています)
  
C:\Users\k023g\OneDrive\デスクトップ\AL3_0719\DirectXGame\MapChipField.h(1,1): warning C4828: オフセット 0x63 から始まる、現在のソースの文字セット (コードページ 65001) では使用できない文字がファイルに含まれています。
  (ソース ファイル 'main.cpp' をコンパイルしています)
  
C:\Users\k023g\OneDrive\デスクトップ\AL3_0719\DirectXGame\MapChipField.h(1,1): warning C4828: オフセット 0x64 から始まる、現在のソースの文字セット (コードページ 65001) では使用できない文字がファイルに含まれています。
  (ソース ファイル 'main.cpp' をコンパイルしています)
  
C:\Users\k023g\OneDrive\デスクトップ\AL3_0719\DirectXGame\MapChipField.h(1,1): warning C4828: オフセット 0x6f から始まる、現在のソースの文字セット (コードページ 65001) では使用できない文字がファイルに含まれています。
  (ソース ファイル 'main.cpp' をコンパイルしています)
  
C:\Users\k023g\OneDrive\デスクトップ\AL3_0719\DirectXGame\MapChipField.h(1,1): warning C4828: オフセット 0x74 から始まる、現在のソースの文字セット (コードページ 65001) では使用できない文字がファイルに含まれています。
  (ソース ファイル 'main.cpp' をコンパイルしています)
  
C:\Users\k023g\OneDrive\デスクトップ\AL3_0719\DirectXGame\MapChipField.h(1,1): warning C4828: オフセット 0x75 から始まる、現在のソースの文字セット (コードページ 65001) では使用できない文字がファイルに含まれています。
  (ソース ファイル 'main.cpp' をコンパイルしています)
  
C:\Users\k023g\OneDrive\デスクトップ\AL3_0719\DirectXGame\MapChipField.h(1,1): warning C4828: オフセット 0x78 から始まる、現在のソースの文字セット (コードページ 65001) では使用できない文字がファイルに含まれています。
  (ソース ファイル 'main.cpp' をコンパイルしています)
  
C:\Users\k023g\OneDrive\デスクトップ\AL3_0719\DirectXGame\MapChipField.h(1,1): warning C4828: オフセット 0x79 から始まる、現在のソースの文字セット (コードページ 65001) では使用できない文字がファイルに含まれています。
  (ソース ファイル 'main.cpp' をコンパイルしています)
  
C:\Users\k023g\OneDrive\デスクトップ\AL3_0719\DirectXGame\MapChipField.h(1,1): warning C4828: オフセット 0x7b から始まる、現在のソースの文字セット (コードページ 65001) では使用できない文字がファイルに含まれています。
  (ソース ファイル 'main.cpp' をコンパイルしています)
  
C:\Users\k023g\OneDrive\デスクトップ\AL3_0719\DirectXGame\MapChipField.h(1,1): warning C4828: オフセット 0x7c から始まる、現在のソースの文字セット (コードページ 65001) では使用できない文字がファイルに含まれています。
  (ソース ファイル 'main.cpp' をコンパイルしています)
  
C:\Users\k023g\OneDrive\デスクトップ\AL3_0719\DirectXGame\MapChipField.h(1,1): warning C4828: オフセット 0x7d から始まる、現在のソースの文字セット (コードページ 65001) では使用できない文字がファイルに含まれています。
  (ソース ファイル 'main.cpp' をコンパイルしています)
  
C:\Users\k023g\OneDrive\デスクトップ\AL3_0719\DirectXGame\MapChipField.h(1,1): warning C4828: オフセット 0x7e から始まる、現在のソースの文字セット (コードページ 65001) では使用できない文字がファイルに含まれています。
  (ソース ファイル 'main.cpp' をコンパイルしています)
  
C:\Users\k023g\OneDrive\デスクトップ\AL3_0719\DirectXGame\MapChipField.h(1,1): warning C4828: オフセット 0x7f から始まる、現在のソースの文字セット (コードページ 65001) では使用できない文字がファイルに含まれています。
  (ソース ファイル 'main.cpp' をコンパイルしています)
  
C:\Users\k023g\OneDrive\デスクトップ\AL3_0719\DirectXGame\MapChipField.h(1,1): warning C4828: オフセット 0x80 から始まる、現在のソースの文字セット (コードページ 65001) では使用できない文字がファイルに含まれています。
  (ソース ファイル 'main.cpp' をコンパイルしています)
  
C:\Users\k023g\OneDrive\デスクトップ\AL3_0719\DirectXGame\MapChipField.h(1,1): warning C4828: オフセット 0x83 から始まる、現在のソースの文字セット (コードページ 65001) では使用できない文字がファイルに含まれています。
  (ソース ファイル 'main.cpp' をコンパイルしています)
  
C:\Users\k023g\OneDrive\デスクトップ\AL3_0719\DirectXGame\MapChipField.h(1,1): warning C4828: オフセット 0x84 から始まる、現在のソースの文字セット (コードページ 65001) では使用できない文字がファイルに含まれています。
  (ソース ファイル 'main.cpp' をコンパイルしています)
  
C:\Users\k023g\OneDrive\デスクトップ\AL3_0719\DirectXGame\MapChipField.h(1,1): warning C4828: オフセット 0x85 から始まる、現在のソースの文字セット (コードページ 65001) では使用できない文字がファイルに含まれています。
  (ソース ファイル 'main.cpp' をコンパイルしています)
  
C:\Users\k023g\OneDrive\デスクトップ\AL3_0719\DirectXGame\MapChipField.h(1,1): warning C4828: オフセット 0x96 から始まる、現在のソースの文字セット (コードページ 65001) では使用できない文字がファイルに含まれています。
  (ソース ファイル 'main.cpp' をコンパイルしています)
  
C:\Users\k023g\OneDrive\デスクトップ\AL3_0719\DirectXGame\MapChipField.h(1,1): warning C4828: オフセット 0x9e から始まる、現在のソースの文字セット (コードページ 65001) では使用できない文字がファイルに含まれています。
  (ソース ファイル 'main.cpp' をコンパイルしています)
  
C:\Users\k023g\OneDrive\デスクトップ\AL3_0719\DirectXGame\MapChipField.h(1,1): warning C4828: オフセット 0xa6 から始まる、現在のソースの文字セット (コードページ 65001) では使用できない文字がファイルに含まれています。
  (ソース ファイル 'main.cpp' をコンパイルしています)
  
C:\Users\k023g\OneDrive\デスクトップ\AL3_0719\DirectXGame\MapChipField.h(1,1): warning C4828: オフセット 0xa9 から始まる、現在のソースの文字セット (コードページ 65001) では使用できない文字がファイルに含まれています。
  (ソース ファイル 'main.cpp' をコンパイルしています)
  
C:\Users\k023g\OneDrive\デスクトップ\AL3_0719\DirectXGame\MapChipField.h(1,1): warning C4828: オフセット 0xaa から始まる、現在のソースの文字セット (コードページ 65001) では使用できない文字がファイルに含まれています。
  (ソース ファイル 'main.cpp' をコンパイルしています)
  
C:\Users\k023g\OneDrive\デスクトップ\AL3_0719\DirectXGame\MapChipField.h(1,1): warning C4828: オフセット 0xab から始まる、現在のソースの文字セット (コードページ 65001) では使用できない文字がファイルに含まれています。
  (ソース ファイル 'main.cpp' をコンパイルしています)
  
C:\Users\k023g\OneDrive\デスクトップ\AL3_0719\DirectXGame\MapChipField.h(1,1): warning C4828: オフセット 0xac から始まる、現在のソースの文字セット (コードページ 65001) では使用できない文字がファイルに含まれています。
  (ソース ファイル 'main.cpp' をコンパイルしています)
  
C:\Users\k023g\OneDrive\デスクトップ\AL3_0719\DirectXGame\MapChipField.h(1,1): warning C4828: オフセット 0xae から始まる、現在のソースの文字セット (コードページ 65001) では使用できない文字がファイルに含まれています。
  (ソース ファイル 'main.cpp' をコンパイルしています)
  
C:\Users\k023g\OneDrive\デスクトップ\AL3_0719\DirectXGame\MapChipField.h(1,1): warning C4828: オフセット 0xb3 から始まる、現在のソースの文字セット (コードページ 65001) では使用できない文字がファイルに含まれています。
  (ソース ファイル 'main.cpp' をコンパイルしています)
  
C:\Users\k023g\OneDrive\デスクトップ\AL3_0719\DirectXGame\MapChipField.h(1,1): warning C4828: オフセット 0xb4 から始まる、現在のソースの文字セット (コードページ 65001) では使用できない文字がファイルに含まれています。
  (ソース ファイル 'main.cpp' をコンパイルしています)
  
C:\Users\k023g\OneDrive\デスクトップ\AL3_0719\DirectXGame\MapChipField.h(1,1): warning C4828: オフセット 0xb5 から始まる、現在のソースの文字セット (コードページ 65001) では使用できない文字がファイルに含まれています。
  (ソース ファイル 'main.cpp' をコンパイルしています)
  
C:\Users\k023g\OneDrive\デスクトップ\AL3_0719\DirectXGame\MapChipField.h(1,1): warning C4828: オフセット 0xb6 から始まる、現在のソースの文字セット (コードページ 65001) では使用できない文字がファイルに含まれています。
  (ソース ファイル 'main.cpp' をコンパイルしています)
  
C:\Users\k023g\OneDrive\デスクトップ\AL3_0719\DirectXGame\MapChipField.h(1,1): warning C4828: オフセット 0xba から始まる、現在のソースの文字セット (コードページ 65001) では使用できない文字がファイルに含まれています。
  (ソース ファイル 'main.cpp' をコンパイルしています)
  
C:\Users\k023g\OneDrive\デスクトップ\AL3_0719\DirectXGame\MapChipField.h(1,1): warning C4828: オフセット 0xc1 から始まる、現在のソースの文字セット (コードページ 65001) では使用できない文字がファイルに含まれています。
  (ソース ファイル 'main.cpp' をコンパイルしています)
  
C:\Users\k023g\OneDrive\デスクトップ\AL3_0719\DirectXGame\MapChipField.h(1,1): warning C4828: オフセット 0xc2 から始まる、現在のソースの文字セット (コードページ 65001) では使用できない文字がファイルに含まれています。
  (ソース ファイル 'main.cpp' をコンパイルしています)
  
C:\Users\k023g\OneDrive\デスクトップ\AL3_0719\DirectXGame\MapChipField.h(1,1): warning C4828: オフセット 0xc3 から始まる、現在のソースの文字セット (コードページ 65001) では使用できない文字がファイルに含まれています。
  (ソース ファイル 'main.cpp' をコンパイルしています)
  
C:\Users\k023g\OneDrive\デスクトップ\AL3_0719\DirectXGame\MapChipField.h(1,1): warning C4828: オフセット 0xc4 から始まる、現在のソースの文字セット (コードページ 65001) では使用できない文字がファイルに含まれています。
  (ソース ファイル 'main.cpp' をコンパイルしています)
  
C:\Users\k023g\OneDrive\デスクトップ\AL3_0719\DirectXGame\MapChipField.h(1,1): warning C4828: オフセット 0xc5 から始まる、現在のソースの文字セット (コードページ 65001) では使用できない文字がファイルに含まれています。
  (ソース ファイル 'main.cpp' をコンパイルしています)
  
C:\Users\k023g\OneDrive\デスクトップ\AL3_0719\DirectXGame\MapChipField.h(1,1): warning C4828: オフセット 0xc7 から始まる、現在のソースの文字セット (コードページ 65001) では使用できない文字がファイルに含まれています。
  (ソース ファイル 'main.cpp' をコンパイルしています)
  
C:\Users\k023g\OneDrive\デスクトップ\AL3_0719\DirectXGame\MapChipField.h(1,1): warning C4828: オフセット 0xcb から始まる、現在のソースの文字セット (コードページ 65001) では使用できない文字がファイルに含まれています。
  (ソース ファイル 'main.cpp' をコンパイルしています)
  
C:\Users\k023g\OneDrive\デスクトップ\AL3_0719\DirectXGame\MapChipField.h(1,1): warning C4828: オフセット 0xce から始まる、現在のソースの文字セット (コードページ 65001) では使用できない文字がファイルに含まれています。
  (ソース ファイル 'main.cpp' をコンパイルしています)
  
C:\Users\k023g\OneDrive\デスクトップ\AL3_0719\DirectXGame\MapChipField.h(1,1): warning C4828: オフセット 0xcf から始まる、現在のソースの文字セット (コードページ 65001) では使用できない文字がファイルに含まれています。
  (ソース ファイル 'main.cpp' をコンパイルしています)
  
C:\Users\k023g\OneDrive\デスクトップ\AL3_0719\DirectXGame\MapChipField.h(1,1): warning C4828: オフセット 0xd0 から始まる、現在のソースの文字セット (コードページ 65001) では使用できない文字がファイルに含まれています。
  (ソース ファイル 'main.cpp' をコンパイルしています)
  
C:\Users\k023g\OneDrive\デスクトップ\AL3_0719\DirectXGame\MapChipField.h(1,1): warning C4828: オフセット 0xd7 から始まる、現在のソースの文字セット (コードページ 65001) では使用できない文字がファイルに含まれています。
  (ソース ファイル 'main.cpp' をコンパイルしています)
  
C:\Users\k023g\OneDrive\デスクトップ\AL3_0719\DirectXGame\MapChipField.h(1,1): warning C4828: オフセット 0xd8 から始まる、現在のソースの文字セット (コードページ 65001) では使用できない文字がファイルに含まれています。
  (ソース ファイル 'main.cpp' をコンパイルしています)
  
C:\Users\k023g\OneDrive\デスクトップ\AL3_0719\DirectXGame\MapChipField.h(1,1): warning C4828: オフセット 0xdb から始まる、現在のソースの文字セット (コードページ 65001) では使用できない文字がファイルに含まれています。
  (ソース ファイル 'main.cpp' をコンパイルしています)
  
C:\Users\k023g\OneDrive\デスクトップ\AL3_0719\DirectXGame\MapChipField.h(1,1): warning C4828: オフセット 0xdd から始まる、現在のソースの文字セット (コードページ 65001) では使用できない文字がファイルに含まれています。
  (ソース ファイル 'main.cpp' をコンパイルしています)
  
C:\Users\k023g\OneDrive\デスクトップ\AL3_0719\DirectXGame\MapChipField.h(1,1): warning C4828: オフセット 0xde から始まる、現在のソースの文字セット (コードページ 65001) では使用できない文字がファイルに含まれています。
  (ソース ファイル 'main.cpp' をコンパイルしています)
  
C:\Users\k023g\OneDrive\デスクトップ\AL3_0719\DirectXGame\MapChipField.h(1,1): warning C4828: オフセット 0xdf から始まる、現在のソースの文字セット (コードページ 65001) では使用できない文字がファイルに含まれています。
  (ソース ファイル 'main.cpp' をコンパイルしています)
  
C:\Users\k023g\OneDrive\デスクトップ\AL3_0719\DirectXGame\MapChipField.h(1,1): warning C4828: オフセット 0xe0 から始まる、現在のソースの文字セット (コードページ 65001) では使用できない文字がファイルに含まれています。
  (ソース ファイル 'main.cpp' をコンパイルしています)
  
C:\Users\k023g\OneDrive\デスクトップ\AL3_0719\DirectXGame\MapChipField.h(1,1): warning C4828: オフセット 0xe1 から始まる、現在のソースの文字セット (コードページ 65001) では使用できない文字がファイルに含まれています。
  (ソース ファイル 'main.cpp' をコンパイルしています)
  
C:\Users\k023g\OneDrive\デスクトップ\AL3_0719\DirectXGame\MapChipField.h(1,1): warning C4828: オフセット 0xe2 から始まる、現在のソースの文字セット (コードページ 65001) では使用できない文字がファイルに含まれています。
  (ソース ファイル 'main.cpp' をコンパイルしています)
  
C:\Users\k023g\OneDrive\デスクトップ\AL3_0719\DirectXGame\MapChipField.h(1,1): warning C4828: オフセット 0xe5 から始まる、現在のソースの文字セット (コードページ 65001) では使用できない文字がファイルに含まれています。
  (ソース ファイル 'main.cpp' をコンパイルしています)
  
C:\Users\k023g\OneDrive\デスクトップ\AL3_0719\DirectXGame\MapChipField.h(1,1): warning C4828: オフセット 0xe6 から始まる、現在のソースの文字セット (コードページ 65001) では使用できない文字がファイルに含まれています。
  (ソース ファイル 'main.cpp' をコンパイルしています)
  
C:\Users\k023g\OneDrive\デスクトップ\AL3_0719\DirectXGame\MapChipField.h(1,1): warning C4828: オフセット 0xe7 から始まる、現在のソースの文字セット (コードページ 65001) では使用できない文字がファイルに含まれています。
  (ソース ファイル 'main.cpp' をコンパイルしています)
  
C:\Users\k023g\OneDrive\デスクトップ\AL3_0719\DirectXGame\MapChipField.h(1,1): warning C4828: オフセット 0xf8 から始まる、現在のソースの文字セット (コードページ 65001) では使用できない文字がファイルに含まれています。
  (ソース ファイル 'main.cpp' をコンパイルしています)
  
C:\Users\k023g\OneDrive\デスクトップ\AL3_0719\DirectXGame\MapChipField.h(1,1): warning C4828: オフセット 0xf9 から始まる、現在のソースの文字セット (コードページ 65001) では使用できない文字がファイルに含まれています。
  (ソース ファイル 'main.cpp' をコンパイルしています)
  
C:\Users\k023g\OneDrive\デスクトップ\AL3_0719\DirectXGame\MapChipField.h(1,1): warning C4828: オフセット 0xfe から始まる、現在のソースの文字セット (コードページ 65001) では使用できない文字がファイルに含まれています。
  (ソース ファイル 'main.cpp' をコンパイルしています)
  
C:\Users\k023g\OneDrive\デスクトップ\AL3_0719\DirectXGame\MapChipField.h(1,1): warning C4828: オフセット 0x100 から始まる、現在のソースの文字セット (コードページ 65001) では使用できない文字がファイルに含まれています。
  (ソース ファイル 'main.cpp' をコンパイルしています)
  
C:\Users\k023g\OneDrive\デスクトップ\AL3_0719\DirectXGame\MapChipField.h(1,1): warning C4828: オフセット 0x103 から始まる、現在のソースの文字セット (コードページ 65001) では使用できない文字がファイルに含まれています。
  (ソース ファイル 'main.cpp' をコンパイルしています)
  
C:\Users\k023g\OneDrive\デスクトップ\AL3_0719\DirectXGame\MapChipField.h(1,1): warning C4828: オフセット 0x104 から始まる、現在のソースの文字セット (コードページ 65001) では使用できない文字がファイルに含まれています。
  (ソース ファイル 'main.cpp' をコンパイルしています)
  
C:\Users\k023g\OneDrive\デスクトップ\AL3_0719\DirectXGame\MapChipField.h(1,1): warning C4828: オフセット 0x105 から始まる、現在のソースの文字セット (コードページ 65001) では使用できない文字がファイルに含まれています。
  (ソース ファイル 'main.cpp' をコンパイルしています)
  
C:\Users\k023g\OneDrive\デスクトップ\AL3_0719\DirectXGame\MapChipField.h(1,1): warning C4828: オフセット 0x10a から始まる、現在のソースの文字セット (コードページ 65001) では使用できない文字がファイルに含まれています。
  (ソース ファイル 'main.cpp' をコンパイルしています)
  
C:\Users\k023g\OneDrive\デスクトップ\AL3_0719\DirectXGame\MapChipField.h(1,1): warning C4828: オフセット 0x10c から始まる、現在のソースの文字セット (コードページ 65001) では使用できない文字がファイルに含まれています。
  (ソース ファイル 'main.cpp' をコンパイルしています)
  
C:\Users\k023g\OneDrive\デスクトップ\AL3_0719\DirectXGame\MapChipField.h(1,1): warning C4828: オフセット 0x10d から始まる、現在のソースの文字セット (コードページ 65001) では使用できない文字がファイルに含まれています。
  (ソース ファイル 'main.cpp' をコンパイルしています)
  
C:\Users\k023g\OneDrive\デスクトップ\AL3_0719\DirectXGame\MapChipField.h(1,1): warning C4828: オフセット 0x110 から始まる、現在のソースの文字セット (コードページ 65001) では使用できない文字がファイルに含まれています。
  (ソース ファイル 'main.cpp' をコンパイルしています)
  
C:\Users\k023g\OneDrive\デスクトップ\AL3_0719\DirectXGame\MapChipField.h(1,1): warning C4828: オフセット 0x111 から始まる、現在のソースの文字セット (コードページ 65001) では使用できない文字がファイルに含まれています。
  (ソース ファイル 'main.cpp' をコンパイルしています)
  
C:\Users\k023g\OneDrive\デスクトップ\AL3_0719\DirectXGame\MapChipField.h(1,1): warning C4828: オフセット 0x114 から始まる、現在のソースの文字セット (コードページ 65001) では使用できない文字がファイルに含まれています。
  (ソース ファイル 'main.cpp' をコンパイルしています)
  
C:\Users\k023g\OneDrive\デスクトップ\AL3_0719\DirectXGame\MapChipField.h(1,1): warning C4828: オフセット 0x117 から始まる、現在のソースの文字セット (コードページ 65001) では使用できない文字がファイルに含まれています。
  (ソース ファイル 'main.cpp' をコンパイルしています)
  
C:\Users\k023g\OneDrive\デスクトップ\AL3_0719\DirectXGame\MapChipField.h(1,1): warning C4828: オフセット 0x118 から始まる、現在のソースの文字セット (コードページ 65001) では使用できない文字がファイルに含まれています。
  (ソース ファイル 'main.cpp' をコンパイルしています)
  
C:\Users\k023g\OneDrive\デスクトップ\AL3_0719\DirectXGame\MapChipField.h(1,1): warning C4828: オフセット 0x119 から始まる、現在のソースの文字セット (コードページ 65001) では使用できない文字がファイルに含まれています。
  (ソース ファイル 'main.cpp' をコンパイルしています)
  
C:\Users\k023g\OneDrive\デスクトップ\AL3_0719\DirectXGame\MapChipField.h(1,1): warning C4828: オフセット 0x121 から始まる、現在のソースの文字セット (コードページ 65001) では使用できない文字がファイルに含まれています。
  (ソース ファイル 'main.cpp' をコンパイルしています)
  
C:\Users\k023g\OneDrive\デスクトップ\AL3_0719\DirectXGame\MapChipField.h(1,1): warning C4828: オフセット 0x122 から始まる、現在のソースの文字セット (コードページ 65001) では使用できない文字がファイルに含まれています。
  (ソース ファイル 'main.cpp' をコンパイルしています)
  
C:\Users\k023g\OneDrive\デスクトップ\AL3_0719\DirectXGame\MapChipField.h(1,1): warning C4828: オフセット 0x123 から始まる、現在のソースの文字セット (コードページ 65001) では使用できない文字がファイルに含まれています。
  (ソース ファイル 'main.cpp' をコンパイルしています)
  
C:\Users\k023g\OneDrive\デスクトップ\AL3_0719\DirectXGame\MapChipField.h(1,1): warning C4828: オフセット 0x127 から始まる、現在のソースの文字セット (コードページ 65001) では使用できない文字がファイルに含まれています。
  (ソース ファイル 'main.cpp' をコンパイルしています)
  
C:\Users\k023g\OneDrive\デスクトップ\AL3_0719\DirectXGame\MapChipField.h(1,1): warning C4828: オフセット 0x129 から始まる、現在のソースの文字セット (コードページ 65001) では使用できない文字がファイルに含まれています。
  (ソース ファイル 'main.cpp' をコンパイルしています)
  
C:\Users\k023g\OneDrive\デスクトップ\AL3_0719\DirectXGame\MapChipField.h(1,1): warning C4828: オフセット 0x12b から始まる、現在のソースの文字セット (コードページ 65001) では使用できない文字がファイルに含まれています。
  (ソース ファイル 'main.cpp' をコンパイルしています)
  
C:\Users\k023g\OneDrive\デスクトップ\AL3_0719\DirectXGame\MapChipField.h(1,1): warning C4828: オフセット 0x12d から始まる、現在のソースの文字セット (コードページ 65001) では使用できない文字がファイルに含まれています。
  (ソース ファイル 'main.cpp' をコンパイルしています)
  
C:\Users\k023g\OneDrive\デスクトップ\AL3_0719\DirectXGame\MapChipField.h(1,1): warning C4828: オフセット 0x130 から始まる、現在のソースの文字セット (コードページ 65001) では使用できない文字がファイルに含まれています。
  (ソース ファイル 'main.cpp' をコンパイルしています)
  
C:\Users\k023g\OneDrive\デスクトップ\AL3_0719\DirectXGame\MapChipField.h(1,1): warning C4828: オフセット 0x131 から始まる、現在のソースの文字セット (コードページ 65001) では使用できない文字がファイルに含まれています。
  (ソース ファイル 'main.cpp' をコンパイルしています)
  
C:\Users\k023g\OneDrive\デスクトップ\AL3_0719\DirectXGame\MapChipField.h(1,1): warning C4828: オフセット 0x135 から始まる、現在のソースの文字セット (コードページ 65001) では使用できない文字がファイルに含まれています。
  (ソース ファイル 'main.cpp' をコンパイルしています)
  
C:\Users\k023g\OneDrive\デスクトップ\AL3_0719\DirectXGame\MapChipField.h(1,1): warning C4828: オフセット 0x13e から始まる、現在のソースの文字セット (コードページ 65001) では使用できない文字がファイルに含まれています。
  (ソース ファイル 'main.cpp' をコンパイルしています)
  
C:\Users\k023g\OneDrive\デスクトップ\AL3_0719\DirectXGame\MapChipField.h(1,1): warning C4828: オフセット 0x13f から始まる、現在のソースの文字セット (コードページ 65001) では使用できない文字がファイルに含まれています。
  (ソース ファイル 'main.cpp' をコンパイルしています)
  
C:\Users\k023g\OneDrive\デスクトップ\AL3_0719\DirectXGame\MapChipField.h(1,1): warning C4828: オフセット 0x142 から始まる、現在のソースの文字セット (コードページ 65001) では使用できない文字がファイルに含まれています。
  (ソース ファイル 'main.cpp' をコンパイルしています)
  
C:\Users\k023g\OneDrive\デスクトップ\AL3_0719\DirectXGame\MapChipField.h(1,1): warning C4828: オフセット 0x143 から始まる、現在のソースの文字セット (コードページ 65001) では使用できない文字がファイルに含まれています。
  (ソース ファイル 'main.cpp' をコンパイルしています)
  
C:\Users\k023g\OneDrive\デスクトップ\AL3_0719\DirectXGame\MapChipField.h(1,1): warning C4828: オフセット 0x144 から始まる、現在のソースの文字セット (コードページ 65001) では使用できない文字がファイルに含まれています。
  (ソース ファイル 'main.cpp' をコンパイルしています)
  
C:\Users\k023g\OneDrive\デスクトップ\AL3_0719\DirectXGame\MapChipField.h(1,1): warning C4828: オフセット 0x16d から始まる、現在のソースの文字セット (コードページ 65001) では使用できない文字がファイルに含まれています。
  (ソース ファイル 'main.cpp' をコンパイルしています)
  
C:\Users\k023g\OneDrive\デスクトップ\AL3_0719\DirectXGame\MapChipField.h(1,1): warning C4828: オフセット 0x16e から始まる、現在のソースの文字セット (コードページ 65001) では使用できない文字がファイルに含まれています。
  (ソース ファイル 'main.cpp' をコンパイルしています)
  
C:\Users\k023g\OneDrive\デスクトップ\AL3_0719\DirectXGame\MapChipField.h(1,1): warning C4828: オフセット 0x17f から始まる、現在のソースの文字セット (コードページ 65001) では使用できない文字がファイルに含まれています。
  (ソース ファイル 'main.cpp' をコンパイルしています)
  
C:\Users\k023g\OneDrive\デスクトップ\AL3_0719\DirectXGame\MapChipField.h(1,1): warning C4828: オフセット 0x181 から始まる、現在のソースの文字セット (コードページ 65001) では使用できない文字がファイルに含まれています。
  (ソース ファイル 'main.cpp' をコンパイルしています)
  
C:\Users\k023g\OneDrive\デスクトップ\AL3_0719\DirectXGame\MapChipField.h(1,1): warning C4828: オフセット 0x182 から始まる、現在のソースの文字セット (コードページ 65001) では使用できない文字がファイルに含まれています。
  (ソース ファイル 'main.cpp' をコンパイルしています)
  
C:\Users\k023g\OneDrive\デスクトップ\AL3_0719\DirectXGame\MapChipField.h(1,1): warning C4828: オフセット 0x183 から始まる、現在のソースの文字セット (コードページ 65001) では使用できない文字がファイルに含まれています。
  (ソース ファイル 'main.cpp' をコンパイルしています)
  
C:\Users\k023g\OneDrive\デスクトップ\AL3_0719\DirectXGame\MapChipField.h(1,1): warning C4828: オフセット 0x185 から始まる、現在のソースの文字セット (コードページ 65001) では使用できない文字がファイルに含まれています。
  (ソース ファイル 'main.cpp' をコンパイルしています)
  
C:\Users\k023g\OneDrive\デスクトップ\AL3_0719\DirectXGame\MapChipField.h(1,1): warning C4828: オフセット 0x1ec から始まる、現在のソースの文字セット (コードページ 65001) では使用できない文字がファイルに含まれています。
  (ソース ファイル 'main.cpp' をコンパイルしています)
  
C:\Users\k023g\OneDrive\デスクトップ\AL3_0719\DirectXGame\MapChipField.h(1,1): warning C4828: オフセット 0x1ee から始まる、現在のソースの文字セット (コードページ 65001) では使用できない文字がファイルに含まれています。
  (ソース ファイル 'main.cpp' をコンパイルしています)
  
C:\Users\k023g\OneDrive\デスクトップ\AL3_0719\DirectXGame\MapChipField.h(1,1): warning C4828: オフセット 0x1f0 から始まる、現在のソースの文字セット (コードページ 65001) では使用できない文字がファイルに含まれています。
  (ソース ファイル 'main.cpp' をコンパイルしています)
  
C:\Users\k023g\OneDrive\デスクトップ\AL3_0719\DirectXGame\MapChipField.h(1,1): warning C4828: オフセット 0x1f2 から始まる、現在のソースの文字セット (コードページ 65001) では使用できない文字がファイルに含まれています。
  (ソース ファイル 'main.cpp' をコンパイルしています)
  
C:\Users\k023g\OneDrive\デスクトップ\AL3_0719\DirectXGame\MapChipField.h(1,1): warning C4828: オフセット 0x1f4 から始まる、現在のソースの文字セット (コードページ 65001) では使用できない文字がファイルに含まれています。
  (ソース ファイル 'main.cpp' をコンパイルしています)
  
C:\Users\k023g\OneDrive\デスクトップ\AL3_0719\DirectXGame\MapChipField.h(1,1): warning C4828: オフセット 0x1f6 から始まる、現在のソースの文字セット (コードページ 65001) では使用できない文字がファイルに含まれています。
  (ソース ファイル 'main.cpp' をコンパイルしています)
  
C:\Users\k023g\OneDrive\デスクトップ\AL3_0719\DirectXGame\MapChipField.h(1,1): warning C4828: オフセット 0x1f8 から始まる、現在のソースの文字セット (コードページ 65001) では使用できない文字がファイルに含まれています。
  (ソース ファイル 'main.cpp' をコンパイルしています)
  
C:\Users\k023g\OneDrive\デスクトップ\AL3_0719\DirectXGame\MapChipField.h(1,1): warning C4828: オフセット 0x1fa から始まる、現在のソースの文字セット (コードページ 65001) では使用できない文字がファイルに含まれています。
  (ソース ファイル 'main.cpp' をコンパイルしています)
  
C:\Users\k023g\OneDrive\デスクトップ\AL3_0719\DirectXGame\MapChipField.h(1,1): warning C4828: オフセット 0x1fc から始まる、現在のソースの文字セット (コードページ 65001) では使用できない文字がファイルに含まれています。
  (ソース ファイル 'main.cpp' をコンパイルしています)
  
C:\Users\k023g\OneDrive\デスクトップ\AL3_0719\DirectXGame\MapChipField.h(1,1): warning C4828: オフセット 0x1fe から始まる、現在のソースの文字セット (コードページ 65001) では使用できない文字がファイルに含まれています。
  (ソース ファイル 'main.cpp' をコンパイルしています)
  
C:\Users\k023g\OneDrive\デスクトップ\AL3_0719\DirectXGame\MapChipField.h(1,1): warning C4828: オフセット 0x1ff から始まる、現在のソースの文字セット (コードページ 65001) では使用できない文字がファイルに含まれています。
  (ソース ファイル 'main.cpp' をコンパイルしています)
  
C:\Users\k023g\OneDrive\デスクトップ\AL3_0719\DirectXGame\MapChipField.h(1,1): warning C4828: オフセット 0x200 から始まる、現在のソースの文字セット (コードページ 65001) では使用できない文字がファイルに含まれています。
  (ソース ファイル 'main.cpp' をコンパイルしています)
  
C:\Users\k023g\OneDrive\デスクトップ\AL3_0719\DirectXGame\MapChipField.h(1,1): warning C4828: オフセット 0x367 から始まる、現在のソースの文字セット (コードページ 65001) では使用できない文字がファイルに含まれています。
  (ソース ファイル 'main.cpp' をコンパイルしています)
  
C:\Users\k023g\OneDrive\デスクトップ\AL3_0719\DirectXGame\MapChipField.h(1,1): warning C4828: オフセット 0x369 から始まる、現在のソースの文字セット (コードページ 65001) では使用できない文字がファイルに含まれています。
  (ソース ファイル 'main.cpp' をコンパイルしています)
  
C:\Users\k023g\OneDrive\デスクトップ\AL3_0719\DirectXGame\MapChipField.h(1,1): warning C4828: オフセット 0x36a から始まる、現在のソースの文字セット (コードページ 65001) では使用できない文字がファイルに含まれています。
  (ソース ファイル 'main.cpp' をコンパイルしています)
  
C:\Users\k023g\OneDrive\デスクトップ\AL3_0719\DirectXGame\MapChipField.h(1,1): warning C4828: オフセット 0x36b から始まる、現在のソースの文字セット (コードページ 65001) では使用できない文字がファイルに含まれています。
  (ソース ファイル 'main.cpp' をコンパイルしています)
  
C:\Users\k023g\OneDrive\デスクトップ\AL3_0719\DirectXGame\MapChipField.h(1,1): warning C4828: オフセット 0x36d から始まる、現在のソースの文字セット (コードページ 65001) では使用できない文字がファイルに含まれています。
  (ソース ファイル 'main.cpp' をコンパイルしています)
  
C:\Users\k023g\OneDrive\デスクトップ\AL3_0719\DirectXGame\MapChipField.h(1,1): warning C4828: オフセット 0x36f から始まる、現在のソースの文字セット (コードページ 65001) では使用できない文字がファイルに含まれています。
  (ソース ファイル 'main.cpp' をコンパイルしています)
  
C:\Users\k023g\OneDrive\デスクトップ\AL3_0719\DirectXGame\MapChipField.h(1,1): warning C4828: オフセット 0x373 から始まる、現在のソースの文字セット (コードページ 65001) では使用できない文字がファイルに含まれています。
  (ソース ファイル 'main.cpp' をコンパイルしています)
  
C:\Users\k023g\OneDrive\デスクトップ\AL3_0719\DirectXGame\MapChipField.h(1,1): warning C4828: オフセット 0x375 から始まる、現在のソースの文字セット (コードページ 65001) では使用できない文字がファイルに含まれています。
  (ソース ファイル 'main.cpp' をコンパイルしています)
  
C:\Users\k023g\OneDrive\デスクトップ\AL3_0719\DirectXGame\MapChipField.h(1,1): warning C4828: オフセット 0x3de から始まる、現在のソースの文字セット (コードページ 65001) では使用できない文字がファイルに含まれています。
  (ソース ファイル 'main.cpp' をコンパイルしています)
  
C:\Users\k023g\OneDrive\デスクトップ\AL3_0719\DirectXGame\MapChipField.h(1,1): warning C4828: オフセット 0x3e0 から始まる、現在のソースの文字セット (コードページ 65001) では使用できない文字がファイルに含まれています。
  (ソース ファイル 'main.cpp' をコンパイルしています)
  
C:\Users\k023g\OneDrive\デスクトップ\AL3_0719\DirectXGame\MapChipField.h(1,1): warning C4828: オフセット 0x3e1 から始まる、現在のソースの文字セット (コードページ 65001) では使用できない文字がファイルに含まれています。
  (ソース ファイル 'main.cpp' をコンパイルしています)
  
C:\Users\k023g\OneDrive\デスクトップ\AL3_0719\DirectXGame\MapChipField.h(1,1): warning C4828: オフセット 0x3e2 から始まる、現在のソースの文字セット (コードページ 65001) では使用できない文字がファイルに含まれています。
  (ソース ファイル 'main.cpp' をコンパイルしています)
  
C:\Users\k023g\OneDrive\デスクトップ\AL3_0719\DirectXGame\MapChipField.h(1,1): warning C4828: オフセット 0x3e4 から始まる、現在のソースの文字セット (コードページ 65001) では使用できない文字がファイルに含まれています。
  (ソース ファイル 'main.cpp' をコンパイルしています)
  
C:\Users\k023g\OneDrive\デスクトップ\AL3_0719\DirectXGame\MapChipField.h(1,1): warning C4828: オフセット 0x3e6 から始まる、現在のソースの文字セット (コードページ 65001) では使用できない文字がファイルに含まれています。
  (ソース ファイル 'main.cpp' をコンパイルしています)
  
C:\Users\k023g\OneDrive\デスクトップ\AL3_0719\DirectXGame\MapChipField.h(1,1): warning C4828: オフセット 0x3eb から始まる、現在のソースの文字セット (コードページ 65001) では使用できない文字がファイルに含まれています。
  (ソース ファイル 'main.cpp' をコンパイルしています)
  
